Component: ARM Compiler 5.06 update 6 (build 750) Tool: armlink [4d35ed]

==============================================================================

Section Cross References

    startup_stm32f103xb.o(STACK) refers (Special) to heapauxi.o(.text) for __use_two_region_memory
    startup_stm32f103xb.o(HEAP) refers (Special) to heapauxi.o(.text) for __use_two_region_memory
    startup_stm32f103xb.o(RESET) refers (Special) to heapauxi.o(.text) for __use_two_region_memory
    startup_stm32f103xb.o(RESET) refers to startup_stm32f103xb.o(STACK) for __initial_sp
    startup_stm32f103xb.o(RESET) refers to startup_stm32f103xb.o(.text) for Reset_Handler
    startup_stm32f103xb.o(RESET) refers to stm32f1xx_it.o(i.NMI_Handler) for NMI_Handler
    startup_stm32f103xb.o(RESET) refers to stm32f1xx_it.o(i.HardFault_Handler) for HardFault_Handler
    startup_stm32f103xb.o(RESET) refers to stm32f1xx_it.o(i.MemManage_Handler) for MemManage_Handler
    startup_stm32f103xb.o(RESET) refers to stm32f1xx_it.o(i.BusFault_Handler) for BusFault_Handler
    startup_stm32f103xb.o(RESET) refers to stm32f1xx_it.o(i.UsageFault_Handler) for UsageFault_Handler
    startup_stm32f103xb.o(RESET) refers to stm32f1xx_it.o(i.SVC_Handler) for SVC_Handler
    startup_stm32f103xb.o(RESET) refers to stm32f1xx_it.o(i.DebugMon_Handler) for DebugMon_Handler
    startup_stm32f103xb.o(RESET) refers to stm32f1xx_it.o(i.PendSV_Handler) for PendSV_Handler
    startup_stm32f103xb.o(RESET) refers to stm32f1xx_it.o(i.SysTick_Handler) for SysTick_Handler
    startup_stm32f103xb.o(RESET) refers to stm32f1xx_it.o(i.DMA1_Channel6_IRQHandler) for DMA1_Channel6_IRQHandler
    startup_stm32f103xb.o(RESET) refers to stm32f1xx_it.o(i.DMA1_Channel7_IRQHandler) for DMA1_Channel7_IRQHandler
    startup_stm32f103xb.o(RESET) refers to stm32f1xx_it.o(i.TIM1_UP_IRQHandler) for TIM1_UP_IRQHandler
    startup_stm32f103xb.o(RESET) refers to stm32f1xx_it.o(i.TIM1_CC_IRQHandler) for TIM1_CC_IRQHandler
    startup_stm32f103xb.o(RESET) refers to stm32f1xx_it.o(i.I2C1_EV_IRQHandler) for I2C1_EV_IRQHandler
    startup_stm32f103xb.o(RESET) refers to stm32f1xx_it.o(i.I2C1_ER_IRQHandler) for I2C1_ER_IRQHandler
    startup_stm32f103xb.o(RESET) refers to stm32f1xx_it.o(i.I2C2_EV_IRQHandler) for I2C2_EV_IRQHandler
    startup_stm32f103xb.o(RESET) refers to stm32f1xx_it.o(i.I2C2_ER_IRQHandler) for I2C2_ER_IRQHandler
    startup_stm32f103xb.o(RESET) refers to stm32f1xx_it.o(i.USART2_IRQHandler) for USART2_IRQHandler
    startup_stm32f103xb.o(.text) refers (Special) to heapauxi.o(.text) for __use_two_region_memory
    startup_stm32f103xb.o(.text) refers to system_stm32f1xx.o(i.SystemInit) for SystemInit
    startup_stm32f103xb.o(.text) refers to __main.o(!!!main) for __main
    startup_stm32f103xb.o(.text) refers to startup_stm32f103xb.o(HEAP) for Heap_Mem
    startup_stm32f103xb.o(.text) refers to startup_stm32f103xb.o(STACK) for Stack_Mem
    main.o(i.MX_DMA_Init) refers to stm32f1xx_hal_cortex.o(i.HAL_NVIC_SetPriority) for HAL_NVIC_SetPriority
    main.o(i.MX_DMA_Init) refers to stm32f1xx_hal_cortex.o(i.HAL_NVIC_EnableIRQ) for HAL_NVIC_EnableIRQ
    main.o(i.MX_GPIO_Init) refers to stm32f1xx_hal_gpio.o(i.HAL_GPIO_WritePin) for HAL_GPIO_WritePin
    main.o(i.MX_GPIO_Init) refers to stm32f1xx_hal_gpio.o(i.HAL_GPIO_Init) for HAL_GPIO_Init
    main.o(i.MX_I2C1_Init) refers to stm32f1xx_hal_i2c.o(i.HAL_I2C_Init) for HAL_I2C_Init
    main.o(i.MX_I2C1_Init) refers to main.o(i.Error_Handler) for Error_Handler
    main.o(i.MX_I2C1_Init) refers to main.o(.bss) for hi2c1
    main.o(i.MX_I2C1_Init) refers to main.o(.data) for Self_Address
    main.o(i.MX_I2C2_Init) refers to stm32f1xx_hal_i2c.o(i.HAL_I2C_Init) for HAL_I2C_Init
    main.o(i.MX_I2C2_Init) refers to main.o(i.Error_Handler) for Error_Handler
    main.o(i.MX_I2C2_Init) refers to main.o(.bss) for hi2c2
    main.o(i.MX_TIM1_Init) refers to rt_memclr_w.o(.text) for __aeabi_memclr4
    main.o(i.MX_TIM1_Init) refers to stm32f1xx_hal_tim.o(i.HAL_TIM_Base_Init) for HAL_TIM_Base_Init
    main.o(i.MX_TIM1_Init) refers to main.o(i.Error_Handler) for Error_Handler
    main.o(i.MX_TIM1_Init) refers to stm32f1xx_hal_tim.o(i.HAL_TIM_ConfigClockSource) for HAL_TIM_ConfigClockSource
    main.o(i.MX_TIM1_Init) refers to stm32f1xx_hal_tim.o(i.HAL_TIM_PWM_Init) for HAL_TIM_PWM_Init
    main.o(i.MX_TIM1_Init) refers to stm32f1xx_hal_tim_ex.o(i.HAL_TIMEx_MasterConfigSynchronization) for HAL_TIMEx_MasterConfigSynchronization
    main.o(i.MX_TIM1_Init) refers to stm32f1xx_hal_tim.o(i.HAL_TIM_PWM_ConfigChannel) for HAL_TIM_PWM_ConfigChannel
    main.o(i.MX_TIM1_Init) refers to stm32f1xx_hal_tim_ex.o(i.HAL_TIMEx_ConfigBreakDeadTime) for HAL_TIMEx_ConfigBreakDeadTime
    main.o(i.MX_TIM1_Init) refers to stm32f1xx_hal_msp.o(i.HAL_TIM_MspPostInit) for HAL_TIM_MspPostInit
    main.o(i.MX_TIM1_Init) refers to main.o(.bss) for htim1
    main.o(i.MX_USART2_UART_Init) refers to stm32f1xx_hal_uart.o(i.HAL_UART_Init) for HAL_UART_Init
[...]
    .ARM.Collect$$rtexit$$00000002           0x0800017c   Section        0  rtexit2.o(.ARM.Collect$$rtexit$$00000002)
    .ARM.Collect$$rtexit$$00000003           0x0800017c   Section        4  rtexit2.o(.ARM.Collect$$rtexit$$00000003)
    .ARM.Collect$$rtexit$$00000004           0x08000180   Section        6  rtexit2.o(.ARM.Collect$$rtexit$$00000004)
    .text                                    0x08000188   Section       64  startup_stm32f103xb.o(.text)
    .text                                    0x080001c8   Section       78  rt_memclr_w.o(.text)
    .text                                    0x08000216   Section        0  heapauxi.o(.text)
    .text                                    0x0800021c   Section       74  sys_stackheap_outer.o(.text)
    .text                                    0x08000266   Section        0  exit.o(.text)
    .text                                    0x08000278   Section        8  libspace.o(.text)
    .text                                    0x08000280   Section        0  sys_exit.o(.text)
    .text                                    0x0800028c   Section        2  use_no_semi.o(.text)
    .text                                    0x0800028e   Section        0  indicate_semi.o(.text)
    i.AS5600_GetAngle                        0x08000290   Section        0  as5600.o(i.AS5600_GetAngle)
    i.AS5600_ReadReg                         0x080002d0   Section        0  as5600.o(i.AS5600_ReadReg)
    i.BusFault_Handler                       0x080002fc   Section        0  stm32f1xx_it.o(i.BusFault_Handler)
    i.DMA1_Channel6_IRQHandler               0x08000300   Section        0  stm32f1xx_it.o(i.DMA1_Channel6_IRQHandler)
    i.DMA1_Channel7_IRQHandler               0x08000310   Section        0  stm32f1xx_it.o(i.DMA1_Channel7_IRQHandler)
    i.DebugMon_Handler                       0x08000320   Section        0  stm32f1xx_it.o(i.DebugMon_Handler)
    i.Error_Handler                          0x08000322   Section        0  main.o(i.Error_Handler)
    i.HAL_DMA_Abort                          0x08000328   Section        0  stm32f1xx_hal_dma.o(i.HAL_DMA_Abort)
    i.HAL_DMA_Abort_IT                       0x08000380   Section        0  stm32f1xx_hal_dma.o(i.HAL_DMA_Abort_IT)
    i.HAL_DMA_GetState                       0x08000430   Section        0  stm32f1xx_hal_dma.o(i.HAL_DMA_GetState)
    i.HAL_DMA_IRQHandler                     0x08000438   Section        0  stm32f1xx_hal_dma.o(i.HAL_DMA_IRQHandler)
    i.HAL_DMA_Init                           0x080005d4   Section        0  stm32f1xx_hal_dma.o(i.HAL_DMA_Init)
    i.HAL_GPIO_Init                          0x0800063c   Section        0  stm32f1xx_hal_gpio.o(i.HAL_GPIO_Init)
    i.HAL_GPIO_WritePin                      0x0800095c   Section        0  stm32f1xx_hal_gpio.o(i.HAL_GPIO_WritePin)
    i.HAL_GetTick                            0x08000968   Section        0  stm32f1xx_hal.o(i.HAL_GetTick)
    i.HAL_I2C_AbortCpltCallback              0x08000974   Section        0  stm32f1xx_hal_i2c.o(i.HAL_I2C_AbortCpltCallback)
    i.HAL_I2C_AddrCallback                   0x08000978   Section        0  i2c_slave.o(i.HAL_I2C_AddrCallback)
    i.HAL_I2C_ER_IRQHandler                  0x0800099c   Section        0  stm32f1xx_hal_i2c.o(i.HAL_I2C_ER_IRQHandler)
    i.HAL_I2C_EV_IRQHandler                  0x08000a7c   Section        0  stm32f1xx_hal_i2c.o(i.HAL_I2C_EV_IRQHandler)
    i.HAL_I2C_EnableListen_IT                0x08000c56   Section        0  stm32f1xx_hal_i2c.o(i.HAL_I2C_EnableListen_IT)
    i.HAL_I2C_ErrorCallback                  0x08000c9c   Section        0  i2c_slave.o(i.HAL_I2C_ErrorCallback)
    i.HAL_I2C_Init                           0x08000ca8   Section        0  stm32f1xx_hal_i2c.o(i.HAL_I2C_Init)
    i.HAL_I2C_ListenCpltCallback             0x08000e78   Section        0  i2c_slave.o(i.HAL_I2C_ListenCpltCallback)
    i.HAL_I2C_MasterRxCpltCallback           0x08000e84   Section        0  stm32f1xx_hal_i2c.o(i.HAL_I2C_MasterRxCpltCallback)
    i.HAL_I2C_MasterTxCpltCallback           0x08000e86   Section        0  stm32f1xx_hal_i2c.o(i.HAL_I2C_MasterTxCpltCallback)
    i.HAL_I2C_MemRxCpltCallback              0x08000e88   Section        0  stm32f1xx_hal_i2c.o(i.HAL_I2C_MemRxCpltCallback)
    i.HAL_I2C_MemTxCpltCallback              0x08000e8a   Section        0  stm32f1xx_hal_i2c.o(i.HAL_I2C_MemTxCpltCallback)
    i.HAL_I2C_Mem_Read                       0x08000e8c   Section        0  stm32f1xx_hal_i2c.o(i.HAL_I2C_Mem_Read)
    i.HAL_I2C_MspInit                        0x080011f0   Section        0  stm32f1xx_hal_msp.o(i.HAL_I2C_MspInit)
    i.HAL_I2C_SlaveRxCpltCallback            0x08001340   Section        0  i2c_slave.o(i.HAL_I2C_SlaveRxCpltCallback)
    i.HAL_I2C_SlaveTxCpltCallback            0x0800135c   Section        0  stm32f1xx_hal_i2c.o(i.HAL_I2C_SlaveTxCpltCallback)
    i.HAL_I2C_Slave_Seq_Receive_IT           0x0800135e   Section        0  stm32f1xx_hal_i2c.o(i.HAL_I2C_Slave_Seq_Receive_IT)
    i.HAL_IncTick                            0x080013fc   Section        0  stm32f1xx_hal.o(i.HAL_IncTick)
    i.HAL_Init                               0x08001414   Section        0  stm32f1xx_hal.o(i.HAL_Init)
    i.HAL_InitTick                           0x0800143c   Section        0  stm32f1xx_hal.o(i.HAL_InitTick)
    i.HAL_MspInit                            0x08001488   Section        0  stm32f1xx_hal_msp.o(i.HAL_MspInit)
    i.HAL_NVIC_EnableIRQ                     0x080014e4   Section        0  stm32f1xx_hal_cortex.o(i.HAL_NVIC_EnableIRQ)
    i.HAL_NVIC_SetPriority                   0x08001504   Section        0  stm32f1xx_hal_cortex.o(i.HAL_NVIC_SetPriority)
    i.HAL_NVIC_SetPriorityGrouping           0x08001580   Section        0  stm32f1xx_hal_cortex.o(i.HAL_NVIC_SetPriorityGrouping)
    i.HAL_RCC_ClockConfig                    0x080015a8   Section        0  stm32f1xx_hal_rcc.o(i.HAL_RCC_ClockConfig)
    i.HAL_RCC_GetHCLKFreq                    0x08001734   Section        0  stm32f1xx_hal_rcc.o(i.HAL_RCC_GetHCLKFreq)
    i.HAL_RCC_GetPCLK1Freq                   0x08001740   Section        0  stm32f1xx_hal_rcc.o(i.HAL_RCC_GetPCLK1Freq)
    i.HAL_RCC_GetPCLK2Freq                   0x08001760   Section        0  stm32f1xx_hal_rcc.o(i.HAL_RCC_GetPCLK2Freq)
    i.HAL_RCC_GetSysClockFreq                0x08001780   Section        0  stm32f1xx_hal_rcc.o(i.HAL_RCC_GetSysClockFreq)
    i.HAL_RCC_OscConfig                      0x080017f0   Section        0  stm32f1xx_hal_rcc.o(i.HAL_RCC_OscConfig)
    i.HAL_SYSTICK_Config                     0x08001c54   Section        0  stm32f1xx_hal_cortex.o(i.HAL_SYSTICK_Config)
    i.HAL_TIMEx_BreakCallback                0x08001c88   Section        0  stm32f1xx_hal_tim_ex.o(i.HAL_TIMEx_BreakCallback)
    i.HAL_TIMEx_CommutCallback               0x08001c8a   Section        0  stm32f1xx_hal_tim_ex.o(i.HAL_TIMEx_CommutCallback)
    i.HAL_TIMEx_ConfigBreakDeadTime          0x08001c8c   Section        0  stm32f1xx_hal_tim_ex.o(i.HAL_TIMEx_ConfigBreakDeadTime)
    i.HAL_TIMEx_MasterConfigSynchronization  0x08001d00   Section        0  stm32f1xx_hal_tim_ex.o(i.HAL_TIMEx_MasterConfigSynchronization)
    i.HAL_TIM_Base_Init                      0x08001d84   Section        0  stm32f1xx_hal_tim.o(i.HAL_TIM_Base_Init)
    i.HAL_TIM_Base_MspInit                   0x08001dec   Section        0  stm32f1xx_hal_msp.o(i.HAL_TIM_Base_MspInit)
    i.HAL_TIM_ConfigClockSource              0x08001e40   Section        0  stm32f1xx_hal_tim.o(i.HAL_TIM_ConfigClockSource)
    i.HAL_TIM_IC_CaptureCallback             0x08001f4c   Section        0  stm32f1xx_hal_tim.o(i.HAL_TIM_IC_CaptureCallback)
    i.HAL_TIM_IRQHandler                     0x08001f4e   Section        0  stm32f1xx_hal_tim.o(i.HAL_TIM_IRQHandler)
    i.HAL_TIM_MspPostInit                    0x080020e4   Section        0  stm32f1xx_hal_msp.o(i.HAL_TIM_MspPostInit)
    i.HAL_TIM_OC_DelayElapsedCallback        0x0800213c   Section        0  stm32f1xx_hal_tim.o(i.HAL_TIM_OC_DelayElapsedCallback)
    i.HAL_TIM_PWM_ConfigChannel              0x0800213e   Section        0  stm32f1xx_hal_tim.o(i.HAL_TIM_PWM_ConfigChannel)
    i.HAL_TIM_PWM_Init                       0x08002242   Section        0  stm32f1xx_hal_tim.o(i.HAL_TIM_PWM_Init)
    i.HAL_TIM_PWM_MspInit                    0x080022a8   Section        0  stm32f1xx_hal_tim.o(i.HAL_TIM_PWM_MspInit)
    i.HAL_TIM_PWM_PulseFinishedCallback      0x080022aa   Section        0  stm32f1xx_hal_tim.o(i.HAL_TIM_PWM_PulseFinishedCallback)
    i.HAL_TIM_PWM_Start                      0x080022ac   Section        0  stm32f1xx_hal_tim.o(i.HAL_TIM_PWM_Start)
    i.HAL_TIM_PeriodElapsedCallback          0x08002380   Section        0  stm32f1xx_hal_tim.o(i.HAL_TIM_PeriodElapsedCallback)
    i.HAL_TIM_TriggerCallback                0x08002382   Section        0  stm32f1xx_hal_tim.o(i.HAL_TIM_TriggerCallback)
    i.HAL_UARTEx_RxEventCallback             0x08002384   Section        0  stm32f1xx_hal_uart.o(i.HAL_UARTEx_RxEventCallback)
    i.HAL_UART_ErrorCallback                 0x08002386   Section        0  stm32f1xx_hal_uart.o(i.HAL_UART_ErrorCallback)
    i.HAL_UART_IRQHandler                    0x08002388   Section        0  stm32f1xx_hal_uart.o(i.HAL_UART_IRQHandler)
    i.HAL_UART_Init                          0x0800266c   Section        0  stm32f1xx_hal_uart.o(i.HAL_UART_Init)
    i.HAL_UART_MspInit                       0x080026e4   Section        0  stm32f1xx_hal_msp.o(i.HAL_UART_MspInit)
    i.HAL_UART_RxCpltCallback                0x080027b8   Section        0  stm32f1xx_hal_uart.o(i.HAL_UART_RxCpltCallback)
    i.HAL_UART_TxCpltCallback                0x080027ba   Section        0  stm32f1xx_hal_uart.o(i.HAL_UART_TxCpltCallback)
    i.HardFault_Handler                      0x080027bc   Section        0  stm32f1xx_it.o(i.HardFault_Handler)
    i.I2C1_ER_IRQHandler                     0x080027c0   Section        0  stm32f1xx_it.o(i.I2C1_ER_IRQHandler)
    i.I2C1_EV_IRQHandler                     0x080027d0   Section        0  stm32f1xx_it.o(i.I2C1_EV_IRQHandler)
    i.I2C2_ER_IRQHandler                     0x080027e0   Section        0  stm32f1xx_it.o(i.I2C2_ER_IRQHandler)
    i.I2C2_EV_IRQHandler                     0x080027f0   Section        0  stm32f1xx_it.o(i.I2C2_EV_IRQHandler)
    i.I2C_ConvertOtherXferOptions            0x08002800   Section        0  stm32f1xx_hal_i2c.o(i.I2C_ConvertOtherXferOptions)
    I2C_ConvertOtherXferOptions              0x08002801   Thumb Code    28  stm32f1xx_hal_i2c.o(i.I2C_ConvertOtherXferOptions)
    i.I2C_DMAAbort                           0x0800281c   Section        0  stm32f1xx_hal_i2c.o(i.I2C_DMAAbort)
    I2C_DMAAbort                             0x0800281d   Thumb Code   242  stm32f1xx_hal_i2c.o(i.I2C_DMAAbort)
    i.I2C_Flush_DR                           0x08002914   Section        0  stm32f1xx_hal_i2c.o(i.I2C_Flush_DR)
    I2C_Flush_DR                             0x08002915   Thumb Code    18  stm32f1xx_hal_i2c.o(i.I2C_Flush_DR)
    i.I2C_ITError                            0x08002928   Section        0  stm32f1xx_hal_i2c.o(i.I2C_ITError)
    I2C_ITError                              0x08002929   Thumb Code   420  stm32f1xx_hal_i2c.o(i.I2C_ITError)
    i.I2C_IsAcknowledgeFailed                0x08002ad4   Section        0  stm32f1xx_hal_i2c.o(i.I2C_IsAcknowledgeFailed)
    I2C_IsAcknowledgeFailed                  0x08002ad5   Thumb Code    62  stm32f1xx_hal_i2c.o(i.I2C_IsAcknowledgeFailed)
    i.I2C_MasterReceive_BTF                  0x08002b12   Section        0  stm32f1xx_hal_i2c.o(i.I2C_MasterReceive_BTF)
    I2C_MasterReceive_BTF                    0x08002b13   Thumb Code   294  stm32f1xx_hal_i2c.o(i.I2C_MasterReceive_BTF)
    i.I2C_MasterReceive_RXNE                 0x08002c38   Section        0  stm32f1xx_hal_i2c.o(i.I2C_MasterReceive_RXNE)
    I2C_MasterReceive_RXNE                   0x08002c39   Thumb Code   240  stm32f1xx_hal_i2c.o(i.I2C_MasterReceive_RXNE)
    i.I2C_MasterTransmit_BTF                 0x08002d28   Section        0  stm32f1xx_hal_i2c.o(i.I2C_MasterTransmit_BTF)
    I2C_MasterTransmit_BTF                   0x08002d29   Thumb Code   160  stm32f1xx_hal_i2c.o(i.I2C_MasterTransmit_BTF)
    i.I2C_MasterTransmit_TXE                 0x08002dc8   Section        0  stm32f1xx_hal_i2c.o(i.I2C_MasterTransmit_TXE)
    I2C_MasterTransmit_TXE                   0x08002dc9   Thumb Code   216  stm32f1xx_hal_i2c.o(i.I2C_MasterTransmit_TXE)
    i.I2C_Master_ADD10                       0x08002ea0   Section        0  stm32f1xx_hal_i2c.o(i.I2C_Master_ADD10)
    I2C_Master_ADD10                         0x08002ea1   Thumb Code    42  stm32f1xx_hal_i2c.o(i.I2C_Master_ADD10)
    i.I2C_Master_ADDR                        0x08002eca   Section        0  stm32f1xx_hal_i2c.o(i.I2C_Master_ADDR)
    I2C_Master_ADDR                          0x08002ecb   Thumb Code   640  stm32f1xx_hal_i2c.o(i.I2C_Master_ADDR)
    i.I2C_Master_SB                          0x0800314a   Section        0  stm32f1xx_hal_i2c.o(i.I2C_Master_SB)
    I2C_Master_SB                            0x0800314b   Thumb Code   158  stm32f1xx_hal_i2c.o(i.I2C_Master_SB)
    i.I2C_MemoryTransmit_TXE_BTF             0x080031e8   Section        0  stm32f1xx_hal_i2c.o(i.I2C_MemoryTransmit_TXE_BTF)
    I2C_MemoryTransmit_TXE_BTF               0x080031e9   Thumb Code   198  stm32f1xx_hal_i2c.o(i.I2C_MemoryTransmit_TXE_BTF)
    i.I2C_RequestMemoryRead                  0x080032b0   Section        0  stm32f1xx_hal_i2c.o(i.I2C_RequestMemoryRead)
    I2C_RequestMemoryRead                    0x080032b1   Thumb Code   348  stm32f1xx_hal_i2c.o(i.I2C_RequestMemoryRead)
    i.I2C_SlaveReceive_BTF                   0x08003410   Section        0  stm32f1xx_hal_i2c.o(i.I2C_SlaveReceive_BTF)
    I2C_SlaveReceive_BTF                     0x08003411   Thumb Code    26  stm32f1xx_hal_i2c.o(i.I2C_SlaveReceive_BTF)
    i.I2C_SlaveReceive_RXNE                  0x0800342a   Section        0  stm32f1xx_hal_i2c.o(i.I2C_SlaveReceive_RXNE)
    I2C_SlaveReceive_RXNE                    0x0800342b   Thumb Code    70  stm32f1xx_hal_i2c.o(i.I2C_SlaveReceive_RXNE)
    i.I2C_SlaveTransmit_BTF                  0x08003470   Section        0  stm32f1xx_hal_i2c.o(i.I2C_SlaveTransmit_BTF)
    I2C_SlaveTransmit_BTF                    0x08003471   Thumb Code    26  stm32f1xx_hal_i2c.o(i.I2C_SlaveTransmit_BTF)
    i.I2C_SlaveTransmit_TXE                  0x0800348a   Section        0  stm32f1xx_hal_i2c.o(i.I2C_SlaveTransmit_TXE)
    I2C_SlaveTransmit_TXE                    0x0800348b   Thumb Code    70  stm32f1xx_hal_i2c.o(i.I2C_SlaveTransmit_TXE)
    i.I2C_Slave_ADDR                         0x080034d0   Section        0  stm32f1xx_hal_i2c.o(i.I2C_Slave_ADDR)
    I2C_Slave_ADDR                           0x080034d1   Thumb Code   112  stm32f1xx_hal_i2c.o(i.I2C_Slave_ADDR)
    i.I2C_Slave_AF                           0x08003540   Section        0  stm32f1xx_hal_i2c.o(i.I2C_Slave_AF)
    I2C_Slave_AF                             0x08003541   Thumb Code   162  stm32f1xx_hal_i2c.o(i.I2C_Slave_AF)
    i.I2C_Slave_STOPF                        0x080035e8   Section        0  stm32f1xx_hal_i2c.o(i.I2C_Slave_STOPF)
    I2C_Slave_STOPF                          0x080035e9   Thumb Code   386  stm32f1xx_hal_i2c.o(i.I2C_Slave_STOPF)
    i.I2C_WaitOnFlagUntilTimeout             0x08003774   Section        0  stm32f1xx_hal_i2c.o(i.I2C_WaitOnFlagUntilTimeout)
    I2C_WaitOnFlagUntilTimeout               0x08003775   Thumb Code   190  stm32f1xx_hal_i2c.o(i.I2C_WaitOnFlagUntilTimeout)
    i.I2C_WaitOnMasterAddressFlagUntilTimeout 0x08003832   Section        0  stm32f1xx_hal_i2c.o(i.I2C_WaitOnMasterAddressFlagUntilTimeout)
    I2C_WaitOnMasterAddressFlagUntilTimeout  0x08003833   Thumb Code   250  stm32f1xx_hal_i2c.o(i.I2C_WaitOnMasterAddressFlagUntilTimeout)
    i.I2C_WaitOnRXNEFlagUntilTimeout         0x0800392c   Section        0  stm32f1xx_hal_i2c.o(i.I2C_WaitOnRXNEFlagUntilTimeout)
    I2C_WaitOnRXNEFlagUntilTimeout           0x0800392d   Thumb Code   138  stm32f1xx_hal_i2c.o(i.I2C_WaitOnRXNEFlagUntilTimeout)
    i.I2C_WaitOnSTOPRequestThroughIT         0x080039b8   Section        0  stm32f1xx_hal_i2c.o(i.I2C_WaitOnSTOPRequestThroughIT)
    I2C_WaitOnSTOPRequestThroughIT           0x080039b9   Thumb Code    74  stm32f1xx_hal_i2c.o(i.I2C_WaitOnSTOPRequestThroughIT)
    i.I2C_WaitOnTXEFlagUntilTimeout          0x08003a08   Section        0  stm32f1xx_hal_i2c.o(i.I2C_WaitOnTXEFlagUntilTimeout)
    I2C_WaitOnTXEFlagUntilTimeout            0x08003a09   Thumb Code   102  stm32f1xx_hal_i2c.o(i.I2C_WaitOnTXEFlagUntilTimeout)
    i.Init_I2C_Slave                         0x08003a70   Section        0  i2c_slave.o(i.Init_I2C_Slave)
    i.MX_DMA_Init                            0x08003a84   Section        0  main.o(i.MX_DMA_Init)
    MX_DMA_Init                              0x08003a85   Thumb Code    64  main.o(i.MX_DMA_Init)
    i.MX_GPIO_Init                           0x08003ac8   Section        0  main.o(i.MX_GPIO_Init)
    MX_GPIO_Init                             0x08003ac9   Thumb Code   134  main.o(i.MX_GPIO_Init)
    i.MX_I2C1_Init                           0x08003b58   Section        0  main.o(i.MX_I2C1_Init)
    MX_I2C1_Init                             0x08003b59   Thumb Code    56  main.o(i.MX_I2C1_Init)
    i.MX_I2C2_Init                           0x08003ba0   Section        0  main.o(i.MX_I2C2_Init)
    MX_I2C2_Init                             0x08003ba1   Thumb Code    48  main.o(i.MX_I2C2_Init)
    i.MX_TIM1_Init                           0x08003bdc   Section        0  main.o(i.MX_TIM1_Init)
    MX_TIM1_Init                             0x08003bdd   Thumb Code   212  main.o(i.MX_TIM1_Init)
    i.MX_USART2_UART_Init                    0x08003cb8   Section        0  main.o(i.MX_USART2_UART_Init)
    MX_USART2_UART_Init                      0x08003cb9   Thumb Code    46  main.o(i.MX_USART2_UART_Init)
    i.MemManage_Handler                      0x08003cf0   Section        0  stm32f1xx_it.o(i.MemManage_Handler)
    i.Motor_Control                          0x08003cf4   Section        0  main.o(i.Motor_Control)
    i.NMI_Handler                            0x08003d24   Section        0  stm32f1xx_it.o(i.NMI_Handler)
    i.PID                                    0x08003d28   Section        0  pid.o(i.PID)
    i.PID_Compute                            0x08003d90   Section        0  pid.o(i.PID_Compute)
    i.PID_Control                            0x08003f30   Section        0  main.o(i.PID_Control)
    i.PID_Init                               0x08003f84   Section        0  pid.o(i.PID_Init)
    i.PID_SetControllerDirection             0x08003fd4   Section        0  pid.o(i.PID_SetControllerDirection)
    i.PID_SetMode                            0x08004022   Section        0  pid.o(i.PID_SetMode)
    i.PID_SetOutputLimits                    0x08004044   Section        0  pid.o(i.PID_SetOutputLimits)
    i.PID_SetSampleTime                      0x080040f4   Section        0  pid.o(i.PID_SetSampleTime)
    i.PID_SetTunings2                        0x0800414c   Section        0  pid.o(i.PID_SetTunings2)
    i.PID_Setup                              0x08004240   Section        0  main.o(i.PID_Setup)
    i.PendSV_Handler                         0x080042d0   Section        0  stm32f1xx_it.o(i.PendSV_Handler)
    i.RCC_Delay                              0x080042d4   Section        0  stm32f1xx_hal_rcc.o(i.RCC_Delay)
    RCC_Delay                                0x080042d5   Thumb Code    36  stm32f1xx_hal_rcc.o(i.RCC_Delay)
    i.Return_Data                            0x080042fc   Section        0  i2c_slave.o(i.Return_Data)
    i.SVC_Handler                            0x08004308   Section        0  stm32f1xx_it.o(i.SVC_Handler)
    i.SysTick_Handler                        0x0800430a   Section        0  stm32f1xx_it.o(i.SysTick_Handler)
    i.SystemClock_Config                     0x08004312   Section        0  main.o(i.SystemClock_Config)
    i.SystemInit                             0x08004362   Section        0  system_stm32f1xx.o(i.SystemInit)
    i.TIM1_CC_IRQHandler                     0x08004364   Section        0  stm32f1xx_it.o(i.TIM1_CC_IRQHandler)
    i.TIM1_UP_IRQHandler                     0x08004374   Section        0  stm32f1xx_it.o(i.TIM1_UP_IRQHandler)
    i.TIM_Base_SetConfig                     0x08004384   Section        0  stm32f1xx_hal_tim.o(i.TIM_Base_SetConfig)
    i.TIM_CCxChannelCmd                      0x080043f8   Section        0  stm32f1xx_hal_tim.o(i.TIM_CCxChannelCmd)
    i.TIM_ETR_SetConfig                      0x0800441a   Section        0  stm32f1xx_hal_tim.o(i.TIM_ETR_SetConfig)
    i.TIM_ITRx_SetConfig                     0x08004430   Section        0  stm32f1xx_hal_tim.o(i.TIM_ITRx_SetConfig)
    TIM_ITRx_SetConfig                       0x08004431   Thumb Code    18  stm32f1xx_hal_tim.o(i.TIM_ITRx_SetConfig)
    i.TIM_OC1_SetConfig                      0x08004444   Section        0  stm32f1xx_hal_tim.o(i.TIM_OC1_SetConfig)
    TIM_OC1_SetConfig                        0x08004445   Thumb Code    90  stm32f1xx_hal_tim.o(i.TIM_OC1_SetConfig)
    i.TIM_OC2_SetConfig                      0x080044a4   Section        0  stm32f1xx_hal_tim.o(i.TIM_OC2_SetConfig)
    i.TIM_OC3_SetConfig                      0x0800450c   Section        0  stm32f1xx_hal_tim.o(i.TIM_OC3_SetConfig)
    TIM_OC3_SetConfig                        0x0800450d   Thumb Code    98  stm32f1xx_hal_tim.o(i.TIM_OC3_SetConfig)
    i.TIM_OC4_SetConfig                      0x08004574   Section        0  stm32f1xx_hal_tim.o(i.TIM_OC4_SetConfig)
    TIM_OC4_SetConfig                        0x08004575   Thumb Code    68  stm32f1xx_hal_tim.o(i.TIM_OC4_SetConfig)
    i.TIM_TI1_ConfigInputStage               0x080045bc   Section        0  stm32f1xx_hal_tim.o(i.TIM_TI1_ConfigInputStage)
    TIM_TI1_ConfigInputStage                 0x080045bd   Thumb Code    38  stm32f1xx_hal_tim.o(i.TIM_TI1_ConfigInputStage)
    i.TIM_TI2_ConfigInputStage               0x080045e2   Section        0  stm32f1xx_hal_tim.o(i.TIM_TI2_ConfigInputStage)
    TIM_TI2_ConfigInputStage                 0x080045e3   Thumb Code    40  stm32f1xx_hal_tim.o(i.TIM_TI2_ConfigInputStage)
    i.UART_DMAAbortOnError                   0x0800460a   Section        0  stm32f1xx_hal_uart.o(i.UART_DMAAbortOnError)
    UART_DMAAbortOnError                     0x0800460b   Thumb Code    20  stm32f1xx_hal_uart.o(i.UART_DMAAbortOnError)
    i.UART_EndRxTransfer                     0x0800461e   Section        0  stm32f1xx_hal_uart.o(i.UART_EndRxTransfer)
    UART_EndRxTransfer                       0x0800461f   Thumb Code   108  stm32f1xx_hal_uart.o(i.UART_EndRxTransfer)
    i.UART_EndTransmit_IT                    0x0800468a   Section        0  stm32f1xx_hal_uart.o(i.UART_EndTransmit_IT)
    UART_EndTransmit_IT                      0x0800468b   Thumb Code    32  stm32f1xx_hal_uart.o(i.UART_EndTransmit_IT)
    i.UART_Receive_IT                        0x080046aa   Section        0  stm32f1xx_hal_uart.o(i.UART_Receive_IT)
    UART_Receive_IT                          0x080046ab   Thumb Code   252  stm32f1xx_hal_uart.o(i.UART_Receive_IT)
    i.UART_SetConfig                         0x080047a8   Section        0  stm32f1xx_hal_uart.o(i.UART_SetConfig)
    UART_SetConfig                           0x080047a9   Thumb Code   248  stm32f1xx_hal_uart.o(i.UART_SetConfig)
    i.UART_Transmit_IT                       0x080048a4   Section        0  stm32f1xx_hal_uart.o(i.UART_Transmit_IT)
    UART_Transmit_IT                         0x080048a5   Thumb Code    96  stm32f1xx_hal_uart.o(i.UART_Transmit_IT)
    i.USART2_IRQHandler                      0x08004904   Section        0  stm32f1xx_it.o(i.USART2_IRQHandler)
    i.UsageFault_Handler                     0x08004914   Section        0  stm32f1xx_it.o(i.UsageFault_Handler)
    i.__NVIC_GetPriorityGrouping             0x08004918   Section        0  stm32f1xx_hal_cortex.o(i.__NVIC_GetPriorityGrouping)
    __NVIC_GetPriorityGrouping               0x08004919   Thumb Code    10  stm32f1xx_hal_cortex.o(i.__NVIC_GetPriorityGrouping)
    i.__NVIC_SetPriority                     0x08004928   Section        0  stm32f1xx_hal_cortex.o(i.__NVIC_SetPriority)
    __NVIC_SetPriority                       0x08004929   Thumb Code    32  stm32f1xx_hal_cortex.o(i.__NVIC_SetPriority)
    i.main                                   0x08004950   Section        0  main.o(i.main)
    x$fpl$dadd                               0x08004994   Section      336  daddsub_clz.o(x$fpl$dadd)
    _dadd1                                   0x080049a5   Thumb Code     0  daddsub_clz.o(x$fpl$dadd)
    x$fpl$dcmpinf                            0x08004ae4   Section       24  dcmpi.o(x$fpl$dcmpinf)
    x$fpl$ddiv                               0x08004afc   Section      688  ddiv.o(x$fpl$ddiv)
    ddiv_entry                               0x08004b03   Thumb Code     0  ddiv.o(x$fpl$ddiv)
    x$fpl$dflt                               0x08004dac   Section       46  dflt_clz.o(x$fpl$dflt)
    x$fpl$dfltu                              0x08004dda   Section       38  dflt_clz.o(x$fpl$dfltu)
    x$fpl$dleqf                              0x08004e00   Section      120  dleqf.o(x$fpl$dleqf)
    x$fpl$dmul                               0x08004e78   Section      340  dmul.o(x$fpl$dmul)
    x$fpl$dnaninf                            0x08004fcc   Section      156  dnaninf.o(x$fpl$dnaninf)
    x$fpl$dretinf                            0x08005068   Section       12  dretinf.o(x$fpl$dretinf)
    x$fpl$drleqf                             0x08005074   Section      108  drleqf.o(x$fpl$drleqf)
    x$fpl$drsb                               0x080050e0   Section       22  daddsub_clz.o(x$fpl$drsb)
    x$fpl$dsub                               0x080050f8   Section      468  daddsub_clz.o(x$fpl$dsub)
    _dsub1                                   0x08005109   Thumb Code     0  daddsub_clz.o(x$fpl$dsub)
    x$fpl$fdiv                               0x080052cc   Section      388  fdiv.o(x$fpl$fdiv)
    _fdiv1                                   0x080052cd   Thumb Code     0  fdiv.o(x$fpl$fdiv)
    x$fpl$ffix                               0x08005450   Section       54  ffix.o(x$fpl$ffix)
    x$fpl$fflt                               0x08005488   Section       48  fflt_clz.o(x$fpl$fflt)
    x$fpl$fmul                               0x080054b8   Section      258  fmul.o(x$fpl$fmul)
    x$fpl$fnaninf                            0x080055ba   Section      140  fnaninf.o(x$fpl$fnaninf)
    x$fpl$fretinf                            0x08005646   Section       10  fretinf.o(x$fpl$fretinf)
    .constdata                               0x08005650   Section       18  stm32f1xx_hal_rcc.o(.constdata)
    x$fpl$usenofp                            0x08005650   Section        0  usenofp.o(x$fpl$usenofp)
    aPLLMULFactorTable                       0x08005650   Data          16  stm32f1xx_hal_rcc.o(.constdata)
    aPredivFactorTable                       0x08005660   Data           2  stm32f1xx_hal_rcc.o(.constdata)
    .constdata                               0x08005662   Section       24  system_stm32f1xx.o(.constdata)
    .data                                    0x20000000   Section       56  main.o(.data)
    .data                                    0x20000038   Section        6  i2c_slave.o(.data)
    .data                                    0x20000040   Section        9  stm32f1xx_hal.o(.data)
    .data                                    0x2000004c   Section        4  system_stm32f1xx.o(.data)
    .bss                                     0x20000050   Section      560  main.o(.bss)
    .bss                                     0x20000280   Section       96  libspace.o(.bss)
    HEAP                                     0x200002e0   Section      512  startup_stm32f103xb.o(HEAP)
    Heap_Mem                                 0x200002e0   Data         512  startup_stm32f103xb.o(HEAP)
    STACK                                    0x200004e0   Section     1024  startup_stm32f103xb.o(STACK)
    Stack_Mem                                0x200004e0   Data        1024  startup_stm32f103xb.o(STACK)
    __initial_sp                             0x200008e0   Data           0  startup_stm32f103xb.o(STACK)

    Global Symbols

    Symbol Name                              Value     Ov Type        Size  Object(Section)

    BuildAttributes$$THM_ISAv4$P$D$K$B$S$PE$A:L22UL41UL21$X:L11$S22US41US21$IEEE1$IW$USESV6$~STKCKD$USESV7$~SHL$OSPACE$ROPI$EBA8$UX$STANDARDLIB$REQ8$PRES8$EABIv2 0x00000000   Number         0  anon$$obj.o ABSOLUTE
    __ARM_use_no_argv                        0x00000000   Number         0  main.o ABSOLUTE
    __ARM_exceptions_init                     - Undefined Weak Reference
    __alloca_initialize                       - Undefined Weak Reference
    __arm_preinit_                            - Undefined Weak Reference
    __cpp_initialize__aeabi_                  - Undefined Weak Reference
    __cxa_finalize                            - Undefined Weak Reference
    __rt_locale                               - Undefined Weak Reference
    __sigvec_lookup                           - Undefined Weak Reference
    _atexit_init                              - Undefined Weak Reference
    _call_atexit_fns                          - Undefined Weak Reference
    _clock_init                               - Undefined Weak Reference
    _fp_trap_init                             - Undefined Weak Reference
    _fp_trap_shutdown                         - Undefined Weak Reference
    _get_lc_collate                           - Undefined Weak Reference
    _get_lc_ctype                             - Undefined Weak Reference
    _get_lc_monetary                          - Undefined Weak Reference
    _get_lc_numeric                           - Undefined Weak Reference
    _get_lc_time                              - Undefined Weak Reference
    _getenv_init                              - Undefined Weak Reference
    _handle_redirection                       - Undefined Weak Reference
    _init_alloc                               - Undefined Weak Reference
    _init_user_alloc                          - Undefined Weak Reference
    _initio                                   - Undefined Weak Reference
    _rand_init                                - Undefined Weak Reference
    _signal_finish                            - Undefined Weak Reference
    _signal_init                              - Undefined Weak Reference
    _terminate_alloc                          - Undefined Weak Reference
    _terminate_user_alloc                     - Undefined Weak Reference
    _terminateio                              - Undefined Weak Reference
    __Vectors_Size                           0x000000ec   Number         0  startup_stm32f103xb.o ABSOLUTE
    __Vectors                                0x08000000   Data           4  startup_stm32f103xb.o(RESET)
    __Vectors_End                            0x080000ec   Data           0  startup_stm32f103xb.o(RESET)
    __main                                   0x080000ed   Thumb Code     8  __main.o(!!!main)
    __scatterload                            0x080000f5   Thumb Code     0  __scatter.o(!!!scatter)
    __scatterload_rt2                        0x080000f5   Thumb Code    44  __scatter.o(!!!scatter)
    __scatterload_rt2_thumb_only             0x080000f5   Thumb Code     0  __scatter.o(!!!scatter)
    __scatterload_null                       0x08000103   Thumb Code     0  __scatter.o(!!!scatter)
    __scatterload_copy                       0x08000129   Thumb Code    26  __scatter_copy.o(!!handler_copy)
    __scatterload_zeroinit                   0x08000145   Thumb Code    28  __scatter_zi.o(!!handler_zi)
    __rt_lib_init                            0x08000161   Thumb Code     0  libinit.o(.ARM.Collect$$libinit$$00000000)
    __rt_lib_init_alloca_1                   0x08000163   Thumb Code     0  libinit2.o(.ARM.Collect$$libinit$$0000002E)
    __rt_lib_init_argv_1                     0x08000163   Thumb Code     0  libinit2.o(.ARM.Collect$$libinit$$0000002C)
    __rt_lib_init_atexit_1                   0x08000163   Thumb Code     0  libinit2.o(.ARM.Collect$$libinit$$0000001B)
    __rt_lib_init_clock_1                    0x08000163   Thumb Code     0  libinit2.o(.ARM.Collect$$libinit$$00000021)
    __rt_lib_init_cpp_1                      0x08000163   Thumb Code     0  libinit2.o(.ARM.Collect$$libinit$$00000032)
    __rt_lib_init_exceptions_1               0x08000163   Thumb Code     0  libinit2.o(.ARM.Collect$$libinit$$00000030)
    __rt_lib_init_fp_1                       0x08000163   Thumb Code     0  libinit2.o(.ARM.Collect$$libinit$$00000002)
    __rt_lib_init_fp_trap_1                  0x08000163   Thumb Code     0  libinit2.o(.ARM.Collect$$libinit$$0000001F)
    __rt_lib_init_getenv_1                   0x08000163   Thumb Code     0  libinit2.o(.ARM.Collect$$libinit$$00000023)
    __rt_lib_init_heap_1                     0x08000163   Thumb Code     0  libinit2.o(.ARM.Collect$$libinit$$0000000A)
    __rt_lib_init_lc_collate_1               0x08000163   Thumb Code     0  libinit2.o(.ARM.Collect$$libinit$$00000011)
    __rt_lib_init_lc_ctype_1                 0x08000163   Thumb Code     0  libinit2.o(.ARM.Collect$$libinit$$00000013)
    __rt_lib_init_lc_monetary_1              0x08000163   Thumb Code     0  libinit2.o(.ARM.Collect$$libinit$$00000015)
    __rt_lib_init_lc_numeric_1               0x08000163   Thumb Code     0  libinit2.o(.ARM.Collect$$libinit$$00000017)
    __rt_lib_init_lc_time_1                  0x08000163   Thumb Code     0  libinit2.o(.ARM.Collect$$libinit$$00000019)
    __rt_lib_init_preinit_1                  0x08000163   Thumb Code     0  libinit2.o(.ARM.Collect$$libinit$$00000004)
    __rt_lib_init_rand_1                     0x08000163   Thumb Code     0  libinit2.o(.ARM.Collect$$libinit$$0000000E)
    __rt_lib_init_return                     0x08000163   Thumb Code     0  libinit2.o(.ARM.Collect$$libinit$$00000033)
    __rt_lib_init_signal_1                   0x08000163   Thumb Code     0  libinit2.o(.ARM.Collect$$libinit$$0000001D)
    __rt_lib_init_stdio_1                    0x08000163   Thumb Code     0  libinit2.o(.ARM.Collect$$libinit$$00000025)
    __rt_lib_init_user_alloc_1               0x08000163   Thumb Code     0  libinit2.o(.ARM.Collect$$libinit$$0000000C)
    __rt_lib_shutdown                        0x08000165   Thumb Code     0  libshutdown.o(.ARM.Collect$$libshutdown$$00000000)
    __rt_lib_shutdown_cpp_1                  0x08000167   Thumb Code     0  libshutdown2.o(.ARM.Collect$$libshutdown$$00000002)
    __rt_lib_shutdown_fp_trap_1              0x08000167   Thumb Code     0  libshutdown2.o(.ARM.Collect$$libshutdown$$00000007)
    __rt_lib_shutdown_heap_1                 0x08000167   Thumb Code     0  libshutdown2.o(.ARM.Collect$$libshutdown$$0000000F)
    __rt_lib_shutdown_return                 0x08000167   Thumb Code     0  libshutdown2.o(.ARM.Collect$$libshutdown$$00000010)
    __rt_lib_shutdown_signal_1               0x08000167   Thumb Code     0  libshutdown2.o(.ARM.Collect$$libshutdown$$0000000A)
    __rt_lib_shutdown_stdio_1                0x08000167   Thumb Code     0  libshutdown2.o(.ARM.Collect$$libshutdown$$00000004)
    __rt_lib_shutdown_user_alloc_1           0x08000167   Thumb Code     0  libshutdown2.o(.ARM.Collect$$libshutdown$$0000000C)
    __rt_entry                               0x08000169   Thumb Code     0  __rtentry.o(.ARM.Collect$$rtentry$$00000000)
    __rt_entry_presh_1                       0x08000169   Thumb Code     0  __rtentry2.o(.ARM.Collect$$rtentry$$00000002)
    __rt_entry_sh                            0x08000169   Thumb Code     0  __rtentry4.o(.ARM.Collect$$rtentry$$00000004)
    __rt_entry_li                            0x0800016f   Thumb Code     0  __rtentry2.o(.ARM.Collect$$rtentry$$0000000A)
    __rt_entry_postsh_1                      0x0800016f   Thumb Code     0  __rtentry2.o(.ARM.Collect$$rtentry$$00000009)
    __rt_entry_main                          0x08000173   Thumb Code     0  __rtentry2.o(.ARM.Collect$$rtentry$$0000000D)
    __rt_entry_postli_1                      0x08000173   Thumb Code     0  __rtentry2.o(.ARM.Collect$$rtentry$$0000000C)
    __rt_exit                                0x0800017b   Thumb Code     0  rtexit.o(.ARM.Collect$$rtexit$$00000000)
    __rt_exit_ls                             0x0800017d   Thumb Code     0  rtexit2.o(.ARM.Collect$$rtexit$$00000003)
    __rt_exit_prels_1                        0x0800017d   Thumb Code     0  rtexit2.o(.ARM.Collect$$rtexit$$00000002)
    __rt_exit_exit                           0x08000181   Thumb Code     0  rtexit2.o(.ARM.Collect$$rtexit$$00000004)
    Reset_Handler                            0x08000189   Thumb Code     8  startup_stm32f103xb.o(.text)
    ADC1_2_IRQHandler                        0x080001a3   Thumb Code     0  startup_stm32f103xb.o(.text)
    CAN1_RX1_IRQHandler                      0x080001a3   Thumb Code     0  startup_stm32f103xb.o(.text)
    CAN1_SCE_IRQHandler                      0x080001a3   Thumb Code     0  startup_stm32f103xb.o(.text)
    DMA1_Channel1_IRQHandler                 0x080001a3   Thumb Code     0  startup_stm32f103xb.o(.text)
    DMA1_Channel2_IRQHandler                 0x080001a3   Thumb Code     0  startup_stm32f103xb.o(.text)
    DMA1_Channel3_IRQHandler                 0x080001a3   Thumb Code     0  startup_stm32f103xb.o(.text)
    DMA1_Channel4_IRQHandler                 0x080001a3   Thumb Code     0  startup_stm32f103xb.o(.text)
    DMA1_Channel5_IRQHandler                 0x080001a3   Thumb Code     0  startup_stm32f103xb.o(.text)
    EXTI0_IRQHandler                         0x080001a3   Thumb Code     0  startup_stm32f103xb.o(.text)
    EXTI15_10_IRQHandler                     0x080001a3   Thumb Code     0  startup_stm32f103xb.o(.text)
    EXTI1_IRQHandler                         0x080001a3   Thumb Code     0  startup_stm32f103xb.o(.text)
    EXTI2_IRQHandler                         0x080001a3   Thumb Code     0  startup_stm32f103xb.o(.text)
    EXTI3_IRQHandler                         0x080001a3   Thumb Code     0  startup_stm32f103xb.o(.text)
    EXTI4_IRQHandler                         0x080001a3   Thumb Code     0  startup_stm32f103xb.o(.text)
    EXTI9_5_IRQHandler                       0x080001a3   Thumb Code     0  startup_stm32f103xb.o(.text)
    FLASH_IRQHandler                         0x080001a3   Thumb Code     0  startup_stm32f103xb.o(.text)
    PVD_IRQHandler                           0x080001a3   Thumb Code     0  startup_stm32f103xb.o(.text)
    RCC_IRQHandler                           0x080001a3   Thumb Code     0  startup_stm32f103xb.o(.text)
    RTC_Alarm_IRQHandler                     0x080001a3   Thumb Code     0  startup_stm32f103xb.o(.text)
    RTC_IRQHandler                           0x080001a3   Thumb Code     0  startup_stm32f103xb.o(.text)
    SPI1_IRQHandler                          0x080001a3   Thumb Code     0  startup_stm32f103xb.o(.text)
    SPI2_IRQHandler                          0x080001a3   Thumb Code     0  startup_stm32f103xb.o(.text)
    TAMPER_IRQHandler                        0x080001a3   Thumb Code     0  startup_stm32f103xb.o(.text)
    TIM1_BRK_IRQHandler                      0x080001a3   Thumb Code     0  startup_stm32f103xb.o(.text)
    TIM1_TRG_COM_IRQHandler                  0x080001a3   Thumb Code     0  startup_stm32f103xb.o(.text)
    TIM2_IRQHandler                          0x080001a3   Thumb Code     0  startup_stm32f103xb.o(.text)
    TIM3_IRQHandler                          0x080001a3   Thumb Code     0  startup_stm32f103xb.o(.text)
    TIM4_IRQHandler                          0x080001a3   Thumb Code     0  startup_stm32f103xb.o(.text)
    USART1_IRQHandler                        0x080001a3   Thumb Code     0  startup_stm32f103xb.o(.text)
    USART3_IRQHandler                        0x080001a3   Thumb Code     0  startup_stm32f103xb.o(.text)
    USBWakeUp_IRQHandler                     0x080001a3   Thumb Code     0  startup_stm32f103xb.o(.text)
    USB_HP_CAN1_TX_IRQHandler                0x080001a3   Thumb Code     0  startup_stm32f103xb.o(.text)
    USB_LP_CAN1_RX0_IRQHandler               0x080001a3   Thumb Code     0  startup_stm32f103xb.o(.text)
    WWDG_IRQHandler                          0x080001a3   Thumb Code     0  startup_stm32f103xb.o(.text)
    __user_initial_stackheap                 0x080001a5   Thumb Code     0  startup_stm32f103xb.o(.text)
    __aeabi_memclr4                          0x080001c9   Thumb Code     0  rt_memclr_w.o(.text)
    __aeabi_memclr8                          0x080001c9   Thumb Code     0  rt_memclr_w.o(.text)
    __rt_memclr_w                            0x080001c9   Thumb Code    78  rt_memclr_w.o(.text)
    _memset_w                                0x080001cd   Thumb Code     0  rt_memclr_w.o(.text)
    __use_two_region_memory                  0x08000217   Thumb Code     2  heapauxi.o(.text)
    __rt_heap_escrow$2region                 0x08000219   Thumb Code     2  heapauxi.o(.text)
    __rt_heap_expand$2region                 0x0800021b   Thumb Code     2  heapauxi.o(.text)
    __user_setup_stackheap                   0x0800021d   Thumb Code    74  sys_stackheap_outer.o(.text)
    exit                                     0x08000267   Thumb Code    18  exit.o(.text)
    __user_libspace                          0x08000279   Thumb Code     8  libspace.o(.text)
    __user_perproc_libspace                  0x08000279   Thumb Code     0  libspace.o(.text)
    __user_perthread_libspace                0x08000279   Thumb Code     0  libspace.o(.text)
    _sys_exit                                0x08000281   Thumb Code     8  sys_exit.o(.text)
    __I$use$semihosting                      0x0800028d   Thumb Code     0  use_no_semi.o(.text)
    __use_no_semihosting_swi                 0x0800028d   Thumb Code     2  use_no_semi.o(.text)
    __semihosting_library_function           0x0800028f   Thumb Code     0  indicate_semi.o(.text)
    AS5600_GetAngle                          0x08000291   Thumb Code    58  as5600.o(i.AS5600_GetAngle)
    AS5600_ReadReg                           0x080002d1   Thumb Code    40  as5600.o(i.AS5600_ReadReg)
    BusFault_Handler                         0x080002fd   Thumb Code     4  stm32f1xx_it.o(i.BusFault_Handler)
    DMA1_Channel6_IRQHandler                 0x08000301   Thumb Code    10  stm32f1xx_it.o(i.DMA1_Channel6_IRQHandler)
    DMA1_Channel7_IRQHandler                 0x08000311   Thumb Code    10  stm32f1xx_it.o(i.DMA1_Channel7_IRQHandler)
    DebugMon_Handler                         0x08000321   Thumb Code     2  stm32f1xx_it.o(i.DebugMon_Handler)
    Error_Handler                            0x08000323   Thumb Code     6  main.o(i.Error_Handler)
    HAL_DMA_Abort                            0x08000329   Thumb Code    86  stm32f1xx_hal_dma.o(i.HAL_DMA_Abort)
    HAL_DMA_Abort_IT                         0x08000381   Thumb Code   172  stm32f1xx_hal_dma.o(i.HAL_DMA_Abort_IT)
    HAL_DMA_GetState                         0x08000431   Thumb Code     8  stm32f1xx_hal_dma.o(i.HAL_DMA_GetState)
    HAL_DMA_IRQHandler                       0x08000439   Thumb Code   408  stm32f1xx_hal_dma.o(i.HAL_DMA_IRQHandler)
    HAL_DMA_Init                             0x080005d5   Thumb Code   100  stm32f1xx_hal_dma.o(i.HAL_DMA_Init)
    HAL_GPIO_Init                            0x0800063d   Thumb Code   766  stm32f1xx_hal_gpio.o(i.HAL_GPIO_Init)
    HAL_GPIO_WritePin                        0x0800095d   Thumb Code    12  stm32f1xx_hal_gpio.o(i.HAL_GPIO_WritePin)
    HAL_GetTick                              0x08000969   Thumb Code     6  stm32f1xx_hal.o(i.HAL_GetTick)
    HAL_I2C_AbortCpltCallback                0x08000975   Thumb Code     2  stm32f1xx_hal_i2c.o(i.HAL_I2C_AbortCpltCallback)
    HAL_I2C_AddrCallback                     0x08000979   Thumb Code    32  i2c_slave.o(i.HAL_I2C_AddrCallback)
    HAL_I2C_ER_IRQHandler                    0x0800099d   Thumb Code   224  stm32f1xx_hal_i2c.o(i.HAL_I2C_ER_IRQHandler)
    HAL_I2C_EV_IRQHandler                    0x08000a7d   Thumb Code   474  stm32f1xx_hal_i2c.o(i.HAL_I2C_EV_IRQHandler)
    HAL_I2C_EnableListen_IT                  0x08000c57   Thumb Code    70  stm32f1xx_hal_i2c.o(i.HAL_I2C_EnableListen_IT)
    HAL_I2C_ErrorCallback                    0x08000c9d   Thumb Code    12  i2c_slave.o(i.HAL_I2C_ErrorCallback)
    HAL_I2C_Init                             0x08000ca9   Thumb Code   446  stm32f1xx_hal_i2c.o(i.HAL_I2C_Init)
    HAL_I2C_ListenCpltCallback               0x08000e79   Thumb Code    12  i2c_slave.o(i.HAL_I2C_ListenCpltCallback)
    HAL_I2C_MasterRxCpltCallback             0x08000e85   Thumb Code     2  stm32f1xx_hal_i2c.o(i.HAL_I2C_MasterRxCpltCallback)
    HAL_I2C_MasterTxCpltCallback             0x08000e87   Thumb Code     2  stm32f1xx_hal_i2c.o(i.HAL_I2C_MasterTxCpltCallback)
    HAL_I2C_MemRxCpltCallback                0x08000e89   Thumb Code     2  stm32f1xx_hal_i2c.o(i.HAL_I2C_MemRxCpltCallback)
    HAL_I2C_MemTxCpltCallback                0x08000e8b   Thumb Code     2  stm32f1xx_hal_i2c.o(i.HAL_I2C_MemTxCpltCallback)
    HAL_I2C_Mem_Read                         0x08000e8d   Thumb Code   850  stm32f1xx_hal_i2c.o(i.HAL_I2C_Mem_Read)
    HAL_I2C_MspInit                          0x080011f1   Thumb Code   310  stm32f1xx_hal_msp.o(i.HAL_I2C_MspInit)
    HAL_I2C_SlaveRxCpltCallback              0x08001341   Thumb Code    18  i2c_slave.o(i.HAL_I2C_SlaveRxCpltCallback)
    HAL_I2C_SlaveTxCpltCallback              0x0800135d   Thumb Code     2  stm32f1xx_hal_i2c.o(i.HAL_I2C_SlaveTxCpltCallback)
    HAL_I2C_Slave_Seq_Receive_IT             0x0800135f   Thumb Code   158  stm32f1xx_hal_i2c.o(i.HAL_I2C_Slave_Seq_Receive_IT)
    HAL_IncTick                              0x080013fd   Thumb Code    16  stm32f1xx_hal.o(i.HAL_IncTick)
    HAL_Init                                 0x08001415   Thumb Code    34  stm32f1xx_hal.o(i.HAL_Init)
    HAL_InitTick                             0x0800143d   Thumb Code    64  stm32f1xx_hal.o(i.HAL_InitTick)
    HAL_MspInit                              0x08001489   Thumb Code    82  stm32f1xx_hal_msp.o(i.HAL_MspInit)
    HAL_NVIC_EnableIRQ                       0x080014e5   Thumb Code    32  stm32f1xx_hal_cortex.o(i.HAL_NVIC_EnableIRQ)
    HAL_NVIC_SetPriority                     0x08001505   Thumb Code   124  stm32f1xx_hal_cortex.o(i.HAL_NVIC_SetPriority)
    HAL_NVIC_SetPriorityGrouping             0x08001581   Thumb Code    32  stm32f1xx_hal_cortex.o(i.HAL_NVIC_SetPriorityGrouping)
    HAL_RCC_ClockConfig                      0x080015a9   Thumb Code   376  stm32f1xx_hal_rcc.o(i.HAL_RCC_ClockConfig)
    HAL_RCC_GetHCLKFreq                      0x08001735   Thumb Code     6  stm32f1xx_hal_rcc.o(i.HAL_RCC_GetHCLKFreq)
    HAL_RCC_GetPCLK1Freq                     0x08001741   Thumb Code    22  stm32f1xx_hal_rcc.o(i.HAL_RCC_GetPCLK1Freq)
    HAL_RCC_GetPCLK2Freq                     0x08001761   Thumb Code    22  stm32f1xx_hal_rcc.o(i.HAL_RCC_GetPCLK2Freq)
    HAL_RCC_GetSysClockFreq                  0x08001781   Thumb Code    92  stm32f1xx_hal_rcc.o(i.HAL_RCC_GetSysClockFreq)
    HAL_RCC_OscConfig                        0x080017f1   Thumb Code  1114  stm32f1xx_hal_rcc.o(i.HAL_RCC_OscConfig)
    HAL_SYSTICK_Config                       0x08001c55   Thumb Code    52  stm32f1xx_hal_cortex.o(i.HAL_SYSTICK_Config)
    HAL_TIMEx_BreakCallback                  0x08001c89   Thumb Code     2  stm32f1xx_hal_tim_ex.o(i.HAL_TIMEx_BreakCallback)
    HAL_TIMEx_CommutCallback                 0x08001c8b   Thumb Code     2  stm32f1xx_hal_tim_ex.o(i.HAL_TIMEx_CommutCallback)
    HAL_TIMEx_ConfigBreakDeadTime            0x08001c8d   Thumb Code   116  stm32f1xx_hal_tim_ex.o(i.HAL_TIMEx_ConfigBreakDeadTime)
    HAL_TIMEx_MasterConfigSynchronization    0x08001d01   Thumb Code   118  stm32f1xx_hal_tim_ex.o(i.HAL_TIMEx_MasterConfigSynchronization)
    HAL_TIM_Base_Init                        0x08001d85   Thumb Code   102  stm32f1xx_hal_tim.o(i.HAL_TIM_Base_Init)
    HAL_TIM_Base_MspInit                     0x08001ded   Thumb Code    74  stm32f1xx_hal_msp.o(i.HAL_TIM_Base_MspInit)
    HAL_TIM_ConfigClockSource                0x08001e41   Thumb Code   268  stm32f1xx_hal_tim.o(i.HAL_TIM_ConfigClockSource)
    HAL_TIM_IC_CaptureCallback               0x08001f4d   Thumb Code     2  stm32f1xx_hal_tim.o(i.HAL_TIM_IC_CaptureCallback)
    HAL_TIM_IRQHandler                       0x08001f4f   Thumb Code   406  stm32f1xx_hal_tim.o(i.HAL_TIM_IRQHandler)
    HAL_TIM_MspPostInit                      0x080020e5   Thumb Code    76  stm32f1xx_hal_msp.o(i.HAL_TIM_MspPostInit)
    HAL_TIM_OC_DelayElapsedCallback          0x0800213d   Thumb Code     2  stm32f1xx_hal_tim.o(i.HAL_TIM_OC_DelayElapsedCallback)
    HAL_TIM_PWM_ConfigChannel                0x0800213f   Thumb Code   260  stm32f1xx_hal_tim.o(i.HAL_TIM_PWM_ConfigChannel)
    HAL_TIM_PWM_Init                         0x08002243   Thumb Code   102  stm32f1xx_hal_tim.o(i.HAL_TIM_PWM_Init)
    HAL_TIM_PWM_MspInit                      0x080022a9   Thumb Code     2  stm32f1xx_hal_tim.o(i.HAL_TIM_PWM_MspInit)
    HAL_TIM_PWM_PulseFinishedCallback        0x080022ab   Thumb Code     2  stm32f1xx_hal_tim.o(i.HAL_TIM_PWM_PulseFinishedCallback)
    HAL_TIM_PWM_Start                        0x080022ad   Thumb Code   198  stm32f1xx_hal_tim.o(i.HAL_TIM_PWM_Start)
    HAL_TIM_PeriodElapsedCallback            0x08002381   Thumb Code     2  stm32f1xx_hal_tim.o(i.HAL_TIM_PeriodElapsedCallback)
    HAL_TIM_TriggerCallback                  0x08002383   Thumb Code     2  stm32f1xx_hal_tim.o(i.HAL_TIM_TriggerCallback)
    HAL_UARTEx_RxEventCallback               0x08002385   Thumb Code     2  stm32f1xx_hal_uart.o(i.HAL_UARTEx_RxEventCallback)
    HAL_UART_ErrorCallback                   0x08002387   Thumb Code     2  stm32f1xx_hal_uart.o(i.HAL_UART_ErrorCallback)
    HAL_UART_IRQHandler                      0x08002389   Thumb Code   736  stm32f1xx_hal_uart.o(i.HAL_UART_IRQHandler)
    HAL_UART_Init                            0x0800266d   Thumb Code   118  stm32f1xx_hal_uart.o(i.HAL_UART_Init)
    HAL_UART_MspInit                         0x080026e5   Thumb Code   190  stm32f1xx_hal_msp.o(i.HAL_UART_MspInit)
    HAL_UART_RxCpltCallback                  0x080027b9   Thumb Code     2  stm32f1xx_hal_uart.o(i.HAL_UART_RxCpltCallback)
    HAL_UART_TxCpltCallback                  0x080027bb   Thumb Code     2  stm32f1xx_hal_uart.o(i.HAL_UART_TxCpltCallback)
    HardFault_Handler                        0x080027bd   Thumb Code     4  stm32f1xx_it.o(i.HardFault_Handler)
    I2C1_ER_IRQHandler                       0x080027c1   Thumb Code    10  stm32f1xx_it.o(i.I2C1_ER_IRQHandler)
    I2C1_EV_IRQHandler                       0x080027d1   Thumb Code    10  stm32f1xx_it.o(i.I2C1_EV_IRQHandler)
    I2C2_ER_IRQHandler                       0x080027e1   Thumb Code    10  stm32f1xx_it.o(i.I2C2_ER_IRQHandler)
    I2C2_EV_IRQHandler                       0x080027f1   Thumb Code    10  stm32f1xx_it.o(i.I2C2_EV_IRQHandler)
    Init_I2C_Slave                           0x08003a71   Thumb Code    16  i2c_slave.o(i.Init_I2C_Slave)
    MemManage_Handler                        0x08003cf1   Thumb Code     4  stm32f1xx_it.o(i.MemManage_Handler)
    Motor_Control                            0x08003cf5   Thumb Code    38  main.o(i.Motor_Control)
    NMI_Handler                              0x08003d25   Thumb Code     4  stm32f1xx_it.o(i.NMI_Handler)
    PID                                      0x08003d29   Thumb Code   100  pid.o(i.PID)
    PID_Compute                              0x08003d91   Thumb Code   414  pid.o(i.PID_Compute)
    PID_Control                              0x08003f31   Thumb Code    68  main.o(i.PID_Control)
    PID_Init                                 0x08003f85   Thumb Code    80  pid.o(i.PID_Init)
    PID_SetControllerDirection               0x08003fd5   Thumb Code    78  pid.o(i.PID_SetControllerDirection)
    PID_SetMode                              0x08004023   Thumb Code    34  pid.o(i.PID_SetMode)
    PID_SetOutputLimits                      0x08004045   Thumb Code   176  pid.o(i.PID_SetOutputLimits)
    PID_SetSampleTime                        0x080040f5   Thumb Code    88  pid.o(i.PID_SetSampleTime)
    PID_SetTunings2                          0x0800414d   Thumb Code   238  pid.o(i.PID_SetTunings2)
    PID_Setup                                0x08004241   Thumb Code    96  main.o(i.PID_Setup)
    PendSV_Handler                           0x080042d1   Thumb Code     2  stm32f1xx_it.o(i.PendSV_Handler)
    Return_Data                              0x080042fd   Thumb Code     6  i2c_slave.o(i.Return_Data)
    SVC_Handler                              0x08004309   Thumb Code     2  stm32f1xx_it.o(i.SVC_Handler)
    SysTick_Handler                          0x0800430b   Thumb Code     8  stm32f1xx_it.o(i.SysTick_Handler)
    SystemClock_Config                       0x08004313   Thumb Code    80  main.o(i.SystemClock_Config)
    SystemInit                               0x08004363   Thumb Code     2  system_stm32f1xx.o(i.SystemInit)
    TIM1_CC_IRQHandler                       0x08004365   Thumb Code    10  stm32f1xx_it.o(i.TIM1_CC_IRQHandler)
    TIM1_UP_IRQHandler                       0x08004375   Thumb Code    10  stm32f1xx_it.o(i.TIM1_UP_IRQHandler)
    TIM_Base_SetConfig                       0x08004385   Thumb Code   104  stm32f1xx_hal_tim.o(i.TIM_Base_SetConfig)
    TIM_CCxChannelCmd                        0x080043f9   Thumb Code    34  stm32f1xx_hal_tim.o(i.TIM_CCxChannelCmd)
    TIM_ETR_SetConfig                        0x0800441b   Thumb Code    22  stm32f1xx_hal_tim.o(i.TIM_ETR_SetConfig)
    TIM_OC2_SetConfig                        0x080044a5   Thumb Code   100  stm32f1xx_hal_tim.o(i.TIM_OC2_SetConfig)
    USART2_IRQHandler                        0x08004905   Thumb Code    10  stm32f1xx_it.o(i.USART2_IRQHandler)
    UsageFault_Handler                       0x08004915   Thumb Code     4  stm32f1xx_it.o(i.UsageFault_Handler)
    main                                     0x08004951   Thumb Code    62  main.o(i.main)
    __aeabi_dadd                             0x08004995   Thumb Code     0  daddsub_clz.o(x$fpl$dadd)
    _dadd                                    0x08004995   Thumb Code   332  daddsub_clz.o(x$fpl$dadd)
    __fpl_dcmp_Inf                           0x08004ae5   Thumb Code    24  dcmpi.o(x$fpl$dcmpinf)
    __aeabi_ddiv                             0x08004afd   Thumb Code     0  ddiv.o(x$fpl$ddiv)
    _ddiv                                    0x08004afd   Thumb Code   552  ddiv.o(x$fpl$ddiv)
    __aeabi_i2d                              0x08004dad   Thumb Code     0  dflt_clz.o(x$fpl$dflt)
    _dflt                                    0x08004dad   Thumb Code    46  dflt_clz.o(x$fpl$dflt)
    __aeabi_ui2d                             0x08004ddb   Thumb Code     0  dflt_clz.o(x$fpl$dfltu)
    _dfltu                                   0x08004ddb   Thumb Code    38  dflt_clz.o(x$fpl$dfltu)
    __aeabi_cdcmple                          0x08004e01   Thumb Code     0  dleqf.o(x$fpl$dleqf)
    _dcmple                                  0x08004e01   Thumb Code   120  dleqf.o(x$fpl$dleqf)
    __fpl_dcmple_InfNaN                      0x08004e63   Thumb Code     0  dleqf.o(x$fpl$dleqf)
    __aeabi_dmul                             0x08004e79   Thumb Code     0  dmul.o(x$fpl$dmul)
    _dmul                                    0x08004e79   Thumb Code   332  dmul.o(x$fpl$dmul)
    __fpl_dnaninf                            0x08004fcd   Thumb Code   156  dnaninf.o(x$fpl$dnaninf)
    __fpl_dretinf                            0x08005069   Thumb Code    12  dretinf.o(x$fpl$dretinf)
    __aeabi_cdrcmple                         0x08005075   Thumb Code     0  drleqf.o(x$fpl$drleqf)
    _drcmple                                 0x08005075   Thumb Code   108  drleqf.o(x$fpl$drleqf)
    __aeabi_drsub                            0x080050e1   Thumb Code     0  daddsub_clz.o(x$fpl$drsb)
    _drsb                                    0x080050e1   Thumb Code    22  daddsub_clz.o(x$fpl$drsb)
    __aeabi_dsub                             0x080050f9   Thumb Code     0  daddsub_clz.o(x$fpl$dsub)
    _dsub                                    0x080050f9   Thumb Code   464  daddsub_clz.o(x$fpl$dsub)
    __aeabi_fdiv                             0x080052cd   Thumb Code     0  fdiv.o(x$fpl$fdiv)
    _fdiv                                    0x080052cd   Thumb Code   384  fdiv.o(x$fpl$fdiv)
    __aeabi_f2iz                             0x08005451   Thumb Code     0  ffix.o(x$fpl$ffix)
    _ffix                                    0x08005451   Thumb Code    54  ffix.o(x$fpl$ffix)
    __aeabi_i2f                              0x08005489   Thumb Code     0  fflt_clz.o(x$fpl$fflt)
    _fflt                                    0x08005489   Thumb Code    48  fflt_clz.o(x$fpl$fflt)
    __aeabi_fmul                             0x080054b9   Thumb Code     0  fmul.o(x$fpl$fmul)
    _fmul                                    0x080054b9   Thumb Code   258  fmul.o(x$fpl$fmul)
    __fpl_fnaninf                            0x080055bb   Thumb Code   140  fnaninf.o(x$fpl$fnaninf)
    __fpl_fretinf                            0x08005647   Thumb Code    10  fretinf.o(x$fpl$fretinf)
    __I$use$fp                               0x08005650   Number         0  usenofp.o(x$fpl$usenofp)
    AHBPrescTable                            0x08005662   Data          16  system_stm32f1xx.o(.constdata)
    APBPrescTable                            0x08005672   Data           8  system_stm32f1xx.o(.constdata)
    Region$$Table$$Base                      0x0800567c   Number         0  anon$$obj.o(Region$$Table)
    Region$$Table$$Limit                     0x0800569c   Number         0  anon$$obj.o(Region$$Table)
    checkAS                                  0x20000000   Data           1  main.o(.data)
    count                                    0x20000004   Data           4  main.o(.data)
    Angle                                    0x20000008   Data           4  main.o(.data)
    Angle_Temp                               0x20000010   Data           8  main.o(.data)
    PIDOut                                   0x20000018   Data           8  main.o(.data)
    TempSetpoint                             0x20000020   Data           8  main.o(.data)
    Kp                                       0x20000028   Data           4  main.o(.data)
    Ki                                       0x2000002c   Data           4  main.o(.data)
    Kd                                       0x20000030   Data           4  main.o(.data)
    Self_Address                             0x20000034   Data           2  main.o(.data)
    I2C_flag                                 0x20000036   Data           1  main.o(.data)
    Init_Flag                                0x20000037   Data           1  main.o(.data)
    Rx_Buffer                                0x20000038   Data           3  i2c_slave.o(.data)
    angle                                    0x2000003c   Data           2  i2c_slave.o(.data)
    uwTick                                   0x20000040   Data           4  stm32f1xx_hal.o(.data)
    uwTickPrio                               0x20000044   Data           4  stm32f1xx_hal.o(.data)
    uwTickFreq                               0x20000048   Data           1  stm32f1xx_hal.o(.data)
    SystemCoreClock                          0x2000004c   Data           4  system_stm32f1xx.o(.data)
    RPID                                     0x20000050   Data         112  main.o(.bss)
    hi2c1                                    0x200000c0   Data          84  main.o(.bss)
    hi2c2                                    0x20000114   Data          84  main.o(.bss)
    hdma_i2c1_rx                             0x20000168   Data          68  main.o(.bss)
    htim1                                    0x200001ac   Data          72  main.o(.bss)
    huart2                                   0x200001f4   Data          72  main.o(.bss)
    hdma_usart2_rx                           0x2000023c   Data          68  main.o(.bss)
    __libspace_start                         0x20000280   Data          96  libspace.o(.bss)
    __temporary_stack_top$libspace           0x200002e0   Data           0  libspace.o(.bss)



==============================================================================

Memory Map of the image

  Image Entry point : 0x080000ed

  Load Region LR_IROM1 (Base: 0x08000000, Size: 0x000056ec, Max: 0x00010000, ABSOLUTE)

    Execution Region ER_IROM1 (Exec base: 0x08000000, Load base: 0x08000000, Size: 0x0000569c, Max: 0x00010000, ABSOLUTE)

    Exec Addr    Load Addr    Size         Type   Attr      Idx    E Section Name        Object

    0x08000000   0x08000000   0x000000ec   Data   RO            3    RESET               startup_stm32f103xb.o
    0x080000ec   0x080000ec   0x00000008   Code   RO         3578  * !!!main             c_w.l(__main.o)
    0x080000f4   0x080000f4   0x00000034   Code   RO         3784    !!!scatter          c_w.l(__scatter.o)
    0x08000128   0x08000128   0x0000001a   Code   RO         3786    !!handler_copy      c_w.l(__scatter_copy.o)
    0x08000142   0x08000142   0x00000002   PAD
    0x08000144   0x08000144   0x0000001c   Code   RO         3788    !!handler_zi        c_w.l(__scatter_zi.o)
    0x08000160   0x08000160   0x00000002   Code   RO         3654    .ARM.Collect$$libinit$$00000000  c_w.l(libinit.o)
    0x08000162   0x08000162   0x00000000   Code   RO         3661    .ARM.Collect$$libinit$$00000002  c_w.l(libinit2.o)
    0x08000162   0x08000162   0x00000000   Code   RO         3663    .ARM.Collect$$libinit$$00000004  c_w.l(libinit2.o)
    0x08000162   0x08000162   0x00000000   Code   RO         3666    .ARM.Collect$$libinit$$0000000A  c_w.l(libinit2.o)
    0x08000162   0x08000162   0x00000000   Code   RO         3668    .ARM.Collect$$libinit$$0000000C  c_w.l(libinit2.o)
    0x08000162   0x08000162   0x00000000   Code   RO         3670    .ARM.Collect$$libinit$$0000000E  c_w.l(libinit2.o)
    0x08000162   0x08000162   0x00000000   Code   RO         3673    .ARM.Collect$$libinit$$00000011  c_w.l(libinit2.o)
    0x08000162   0x08000162   0x00000000   Code   RO         3675    .ARM.Collect$$libinit$$00000013  c_w.l(libinit2.o)
    0x08000162   0x08000162   0x00000000   Code   RO         3677    .ARM.Collect$$libinit$$00000015  c_w.l(libinit2.o)
    0x08000162   0x08000162   0x00000000   Code   RO         3679    .ARM.Collect$$libinit$$00000017  c_w.l(libinit2.o)
    0x08000162   0x08000162   0x00000000   Code   RO         3681    .ARM.Collect$$libinit$$00000019  c_w.l(libinit2.o)
    0x08000162   0x08000162   0x00000000   Code   RO         3683    .ARM.Collect$$libinit$$0000001B  c_w.l(libinit2.o)
    0x08000162   0x08000162   0x00000000   Code   RO         3685    .ARM.Collect$$libinit$$0000001D  c_w.l(libinit2.o)
    0x08000162   0x08000162   0x00000000   Code   RO         3687    .ARM.Collect$$libinit$$0000001F  c_w.l(libinit2.o)
    0x08000162   0x08000162   0x00000000   Code   RO         3689    .ARM.Collect$$libinit$$00000021  c_w.l(libinit2.o)
    0x08000162   0x08000162   0x00000000   Code   RO         3691    .ARM.Collect$$libinit$$00000023  c_w.l(libinit2.o)
    0x08000162   0x08000162   0x00000000   Code   RO         3693    .ARM.Collect$$libinit$$00000025  c_w.l(libinit2.o)
    0x08000162   0x08000162   0x00000000   Code   RO         3697    .ARM.Collect$$libinit$$0000002C  c_w.l(libinit2.o)
    0x08000162   0x08000162   0x00000000   Code   RO         3699    .ARM.Collect$$libinit$$0000002E  c_w.l(libinit2.o)
    0x08000162   0x08000162   0x00000000   Code   RO         3701    .ARM.Collect$$libinit$$00000030  c_w.l(libinit2.o)
    0x08000162   0x08000162   0x00000000   Code   RO         3703    .ARM.Collect$$libinit$$00000032  c_w.l(libinit2.o)
    0x08000162   0x08000162   0x00000002   Code   RO         3704    .ARM.Collect$$libinit$$00000033  c_w.l(libinit2.o)
    0x08000164   0x08000164   0x00000002   Code   RO         3724    .ARM.Collect$$libshutdown$$00000000  c_w.l(libshutdown.o)
    0x08000166   0x08000166   0x00000000   Code   RO         3737    .ARM.Collect$$libshutdown$$00000002  c_w.l(libshutdown2.o)
    0x08000166   0x08000166   0x00000000   Code   RO         3739    .ARM.Collect$$libshutdown$$00000004  c_w.l(libshutdown2.o)
    0x08000166   0x08000166   0x00000000   Code   RO         3742    .ARM.Collect$$libshutdown$$00000007  c_w.l(libshutdown2.o)
    0x08000166   0x08000166   0x00000000   Code   RO         3745    .ARM.Collect$$libshutdown$$0000000A  c_w.l(libshutdown2.o)
    0x08000166   0x08000166   0x00000000   Code   RO         3747    .ARM.Collect$$libshutdown$$0000000C  c_w.l(libshutdown2.o)
    0x08000166   0x08000166   0x00000000   Code   RO         3750    .ARM.Collect$$libshutdown$$0000000F  c_w.l(libshutdown2.o)
    0x08000166   0x08000166   0x00000002   Code   RO         3751    .ARM.Collect$$libshutdown$$00000010  c_w.l(libshutdown2.o)
    0x08000168   0x08000168   0x00000000   Code   RO         3618    .ARM.Collect$$rtentry$$00000000  c_w.l(__rtentry.o)
    0x08000168   0x08000168   0x00000000   Code   RO         3631    .ARM.Collect$$rtentry$$00000002  c_w.l(__rtentry2.o)
    0x08000168   0x08000168   0x00000006   Code   RO         3643    .ARM.Collect$$rtentry$$00000004  c_w.l(__rtentry4.o)
    0x0800016e   0x0800016e   0x00000000   Code   RO         3633    .ARM.Collect$$rtentry$$00000009  c_w.l(__rtentry2.o)
    0x0800016e   0x0800016e   0x00000004   Code   RO         3634    .ARM.Collect$$rtentry$$0000000A  c_w.l(__rtentry2.o)
    0x08000172   0x08000172   0x00000000   Code   RO         3636    .ARM.Collect$$rtentry$$0000000C  c_w.l(__rtentry2.o)
    0x08000172   0x08000172   0x00000008   Code   RO         3637    .ARM.Collect$$rtentry$$0000000D  c_w.l(__rtentry2.o)
    0x0800017a   0x0800017a   0x00000002   Code   RO         3658    .ARM.Collect$$rtexit$$00000000  c_w.l(rtexit.o)
    0x0800017c   0x0800017c   0x00000000   Code   RO         3706    .ARM.Collect$$rtexit$$00000002  c_w.l(rtexit2.o)
    0x0800017c   0x0800017c   0x00000004   Code   RO         3707    .ARM.Collect$$rtexit$$00000003  c_w.l(rtexit2.o)
    0x08000180   0x08000180   0x00000006   Code   RO         3708    .ARM.Collect$$rtexit$$00000004  c_w.l(rtexit2.o)
    0x08000186   0x08000186   0x00000002   PAD
    0x08000188   0x08000188   0x00000040   Code   RO            4    .text               startup_stm32f103xb.o
    0x080001c8   0x080001c8   0x0000004e   Code   RO         3574    .text               c_w.l(rt_memclr_w.o)
    0x08000216   0x08000216   0x00000006   Code   RO         3576    .text               c_w.l(heapauxi.o)
    0x0800021c   0x0800021c   0x0000004a   Code   RO         3645    .text               c_w.l(sys_stackheap_outer.o)
    0x08000266   0x08000266   0x00000012   Code   RO         3647    .text               c_w.l(exit.o)
    0x08000278   0x08000278   0x00000008   Code   RO         3655    .text               c_w.l(libspace.o)
    0x08000280   0x08000280   0x0000000c   Code   RO         3716    .text               c_w.l(sys_exit.o)
    0x0800028c   0x0800028c   0x00000002   Code   RO         3727    .text               c_w.l(use_no_semi.o)
    0x0800028e   0x0800028e   0x00000000   Code   RO         3729    .text               c_w.l(indicate_semi.o)
    0x0800028e   0x0800028e   0x00000002   PAD
    0x08000290   0x08000290   0x00000040   Code   RO          412    i.AS5600_GetAngle   as5600.o
    0x080002d0   0x080002d0   0x0000002c   Code   RO          415    i.AS5600_ReadReg    as5600.o
    0x080002fc   0x080002fc   0x00000004   Code   RO          215    i.BusFault_Handler  stm32f1xx_it.o
    0x08000300   0x08000300   0x00000010   Code   RO          216    i.DMA1_Channel6_IRQHandler  stm32f1xx_it.o
    0x08000310   0x08000310   0x00000010   Code   RO          217    i.DMA1_Channel7_IRQHandler  stm32f1xx_it.o
    0x08000320   0x08000320   0x00000002   Code   RO          218    i.DebugMon_Handler  stm32f1xx_it.o
    0x08000322   0x08000322   0x00000006   Code   RO           13    i.Error_Handler     main.o
    0x08000328   0x08000328   0x00000056   Code   RO         1557    i.HAL_DMA_Abort     stm32f1xx_hal_dma.o
    0x0800037e   0x0800037e   0x00000002   PAD
    0x08000380   0x08000380   0x000000b0   Code   RO         1558    i.HAL_DMA_Abort_IT  stm32f1xx_hal_dma.o
    0x08000430   0x08000430   0x00000008   Code   RO         1561    i.HAL_DMA_GetState  stm32f1xx_hal_dma.o
    0x08000438   0x08000438   0x0000019c   Code   RO         1562    i.HAL_DMA_IRQHandler  stm32f1xx_hal_dma.o
    0x080005d4   0x080005d4   0x00000068   Code   RO         1563    i.HAL_DMA_Init      stm32f1xx_hal_dma.o
    0x0800063c   0x0800063c   0x00000320   Code   RO         1493    i.HAL_GPIO_Init     stm32f1xx_hal_gpio.o
    0x0800095c   0x0800095c   0x0000000c   Code   RO         1497    i.HAL_GPIO_WritePin  stm32f1xx_hal_gpio.o
    0x08000968   0x08000968   0x0000000c   Code   RO         1182    i.HAL_GetTick       stm32f1xx_hal.o
    0x08000974   0x08000974   0x00000002   Code   RO          694    i.HAL_I2C_AbortCpltCallback  stm32f1xx_hal_i2c.o
    0x08000976   0x08000976   0x00000002   PAD
    0x08000978   0x08000978   0x00000024   Code   RO          593    i.HAL_I2C_AddrCallback  i2c_slave.o
    0x0800099c   0x0800099c   0x000000e0   Code   RO          698    i.HAL_I2C_ER_IRQHandler  stm32f1xx_hal_i2c.o
    0x08000a7c   0x08000a7c   0x000001da   Code   RO          699    i.HAL_I2C_EV_IRQHandler  stm32f1xx_hal_i2c.o
    0x08000c56   0x08000c56   0x00000046   Code   RO          700    i.HAL_I2C_EnableListen_IT  stm32f1xx_hal_i2c.o
    0x08000c9c   0x08000c9c   0x0000000c   Code   RO          594    i.HAL_I2C_ErrorCallback  i2c_slave.o
    0x08000ca8   0x08000ca8   0x000001d0   Code   RO          705    i.HAL_I2C_Init      stm32f1xx_hal_i2c.o
    0x08000e78   0x08000e78   0x0000000c   Code   RO          595    i.HAL_I2C_ListenCpltCallback  i2c_slave.o
    0x08000e84   0x08000e84   0x00000002   Code   RO          708    i.HAL_I2C_MasterRxCpltCallback  stm32f1xx_hal_i2c.o
    0x08000e86   0x08000e86   0x00000002   Code   RO          709    i.HAL_I2C_MasterTxCpltCallback  stm32f1xx_hal_i2c.o
    0x08000e88   0x08000e88   0x00000002   Code   RO          721    i.HAL_I2C_MemRxCpltCallback  stm32f1xx_hal_i2c.o
    0x08000e8a   0x08000e8a   0x00000002   Code   RO          722    i.HAL_I2C_MemTxCpltCallback  stm32f1xx_hal_i2c.o
    0x08000e8c   0x08000e8c   0x00000364   Code   RO          723    i.HAL_I2C_Mem_Read  stm32f1xx_hal_i2c.o
    0x080011f0   0x080011f0   0x00000150   Code   RO          346    i.HAL_I2C_MspInit   stm32f1xx_hal_msp.o
    0x08001340   0x08001340   0x0000001c   Code   RO          596    i.HAL_I2C_SlaveRxCpltCallback  i2c_slave.o
    0x0800135c   0x0800135c   0x00000002   Code   RO          732    i.HAL_I2C_SlaveTxCpltCallback  stm32f1xx_hal_i2c.o
    0x0800135e   0x0800135e   0x0000009e   Code   RO          737    i.HAL_I2C_Slave_Seq_Receive_IT  stm32f1xx_hal_i2c.o
    0x080013fc   0x080013fc   0x00000018   Code   RO         1188    i.HAL_IncTick       stm32f1xx_hal.o
    0x08001414   0x08001414   0x00000028   Code   RO         1189    i.HAL_Init          stm32f1xx_hal.o
    0x0800143c   0x0800143c   0x0000004c   Code   RO         1190    i.HAL_InitTick      stm32f1xx_hal.o
    0x08001488   0x08001488   0x0000005c   Code   RO          347    i.HAL_MspInit       stm32f1xx_hal_msp.o
    0x080014e4   0x080014e4   0x00000020   Code   RO         1653    i.HAL_NVIC_EnableIRQ  stm32f1xx_hal_cortex.o
    0x08001504   0x08001504   0x0000007c   Code   RO         1659    i.HAL_NVIC_SetPriority  stm32f1xx_hal_cortex.o
    0x08001580   0x08001580   0x00000028   Code   RO         1660    i.HAL_NVIC_SetPriorityGrouping  stm32f1xx_hal_cortex.o
    0x080015a8   0x080015a8   0x0000018c   Code   RO         1346    i.HAL_RCC_ClockConfig  stm32f1xx_hal_rcc.o
    0x08001734   0x08001734   0x0000000c   Code   RO         1351    i.HAL_RCC_GetHCLKFreq  stm32f1xx_hal_rcc.o
    0x08001740   0x08001740   0x00000020   Code   RO         1353    i.HAL_RCC_GetPCLK1Freq  stm32f1xx_hal_rcc.o
    0x08001760   0x08001760   0x00000020   Code   RO         1354    i.HAL_RCC_GetPCLK2Freq  stm32f1xx_hal_rcc.o
    0x08001780   0x08001780   0x00000070   Code   RO         1355    i.HAL_RCC_GetSysClockFreq  stm32f1xx_hal_rcc.o
    0x080017f0   0x080017f0   0x00000464   Code   RO         1358    i.HAL_RCC_OscConfig  stm32f1xx_hal_rcc.o
    0x08001c54   0x08001c54   0x00000034   Code   RO         1664    i.HAL_SYSTICK_Config  stm32f1xx_hal_cortex.o
    0x08001c88   0x08001c88   0x00000002   Code   RO         2896    i.HAL_TIMEx_BreakCallback  stm32f1xx_hal_tim_ex.o
    0x08001c8a   0x08001c8a   0x00000002   Code   RO         2897    i.HAL_TIMEx_CommutCallback  stm32f1xx_hal_tim_ex.o
    0x08001c8c   0x08001c8c   0x00000074   Code   RO         2899    i.HAL_TIMEx_ConfigBreakDeadTime  stm32f1xx_hal_tim_ex.o
    0x08001d00   0x08001d00   0x00000084   Code   RO         2915    i.HAL_TIMEx_MasterConfigSynchronization  stm32f1xx_hal_tim_ex.o
    0x08001d84   0x08001d84   0x00000066   Code   RO         2181    i.HAL_TIM_Base_Init  stm32f1xx_hal_tim.o
    0x08001dea   0x08001dea   0x00000002   PAD
    0x08001dec   0x08001dec   0x00000054   Code   RO          349    i.HAL_TIM_Base_MspInit  stm32f1xx_hal_msp.o
    0x08001e40   0x08001e40   0x0000010c   Code   RO         2190    i.HAL_TIM_ConfigClockSource  stm32f1xx_hal_tim.o
    0x08001f4c   0x08001f4c   0x00000002   Code   RO         2215    i.HAL_TIM_IC_CaptureCallback  stm32f1xx_hal_tim.o
    0x08001f4e   0x08001f4e   0x00000196   Code   RO         2229    i.HAL_TIM_IRQHandler  stm32f1xx_hal_tim.o
    0x080020e4   0x080020e4   0x00000058   Code   RO          350    i.HAL_TIM_MspPostInit  stm32f1xx_hal_msp.o
    0x0800213c   0x0800213c   0x00000002   Code   RO         2232    i.HAL_TIM_OC_DelayElapsedCallback  stm32f1xx_hal_tim.o
    0x0800213e   0x0800213e   0x00000104   Code   RO         2253    i.HAL_TIM_PWM_ConfigChannel  stm32f1xx_hal_tim.o
    0x08002242   0x08002242   0x00000066   Code   RO         2256    i.HAL_TIM_PWM_Init  stm32f1xx_hal_tim.o
    0x080022a8   0x080022a8   0x00000002   Code   RO         2258    i.HAL_TIM_PWM_MspInit  stm32f1xx_hal_tim.o
    0x080022aa   0x080022aa   0x00000002   Code   RO         2259    i.HAL_TIM_PWM_PulseFinishedCallback  stm32f1xx_hal_tim.o
    0x080022ac   0x080022ac   0x000000d4   Code   RO         2261    i.HAL_TIM_PWM_Start  stm32f1xx_hal_tim.o
    0x08002380   0x08002380   0x00000002   Code   RO         2267    i.HAL_TIM_PeriodElapsedCallback  stm32f1xx_hal_tim.o
    0x08002382   0x08002382   0x00000002   Code   RO         2272    i.HAL_TIM_TriggerCallback  stm32f1xx_hal_tim.o
    0x08002384   0x08002384   0x00000002   Code   RO         3175    i.HAL_UARTEx_RxEventCallback  stm32f1xx_hal_uart.o
    0x08002386   0x08002386   0x00000002   Code   RO         3189    i.HAL_UART_ErrorCallback  stm32f1xx_hal_uart.o
    0x08002388   0x08002388   0x000002e4   Code   RO         3192    i.HAL_UART_IRQHandler  stm32f1xx_hal_uart.o
    0x0800266c   0x0800266c   0x00000076   Code   RO         3193    i.HAL_UART_Init     stm32f1xx_hal_uart.o
    0x080026e2   0x080026e2   0x00000002   PAD
    0x080026e4   0x080026e4   0x000000d4   Code   RO          352    i.HAL_UART_MspInit  stm32f1xx_hal_msp.o
    0x080027b8   0x080027b8   0x00000002   Code   RO         3199    i.HAL_UART_RxCpltCallback  stm32f1xx_hal_uart.o
    0x080027ba   0x080027ba   0x00000002   Code   RO         3204    i.HAL_UART_TxCpltCallback  stm32f1xx_hal_uart.o
    0x080027bc   0x080027bc   0x00000004   Code   RO          219    i.HardFault_Handler  stm32f1xx_it.o
    0x080027c0   0x080027c0   0x00000010   Code   RO          220    i.I2C1_ER_IRQHandler  stm32f1xx_it.o
    0x080027d0   0x080027d0   0x00000010   Code   RO          221    i.I2C1_EV_IRQHandler  stm32f1xx_it.o
    0x080027e0   0x080027e0   0x00000010   Code   RO          222    i.I2C2_ER_IRQHandler  stm32f1xx_it.o
    0x080027f0   0x080027f0   0x00000010   Code   RO          223    i.I2C2_EV_IRQHandler  stm32f1xx_it.o
    0x08002800   0x08002800   0x0000001c   Code   RO          743    i.I2C_ConvertOtherXferOptions  stm32f1xx_hal_i2c.o
    0x0800281c   0x0800281c   0x000000f8   Code   RO          744    i.I2C_DMAAbort      stm32f1xx_hal_i2c.o
    0x08002914   0x08002914   0x00000012   Code   RO          747    i.I2C_Flush_DR      stm32f1xx_hal_i2c.o
    0x08002926   0x08002926   0x00000002   PAD
    0x08002928   0x08002928   0x000001ac   Code   RO          748    i.I2C_ITError       stm32f1xx_hal_i2c.o
    0x08002ad4   0x08002ad4   0x0000003e   Code   RO          749    i.I2C_IsAcknowledgeFailed  stm32f1xx_hal_i2c.o
    0x08002b12   0x08002b12   0x00000126   Code   RO          750    i.I2C_MasterReceive_BTF  stm32f1xx_hal_i2c.o
    0x08002c38   0x08002c38   0x000000f0   Code   RO          751    i.I2C_MasterReceive_RXNE  stm32f1xx_hal_i2c.o
    0x08002d28   0x08002d28   0x000000a0   Code   RO          754    i.I2C_MasterTransmit_BTF  stm32f1xx_hal_i2c.o
    0x08002dc8   0x08002dc8   0x000000d8   Code   RO          755    i.I2C_MasterTransmit_TXE  stm32f1xx_hal_i2c.o
    0x08002ea0   0x08002ea0   0x0000002a   Code   RO          756    i.I2C_Master_ADD10  stm32f1xx_hal_i2c.o
    0x08002eca   0x08002eca   0x00000280   Code   RO          757    i.I2C_Master_ADDR   stm32f1xx_hal_i2c.o
    0x0800314a   0x0800314a   0x0000009e   Code   RO          758    i.I2C_Master_SB     stm32f1xx_hal_i2c.o
    0x080031e8   0x080031e8   0x000000c6   Code   RO          759    i.I2C_MemoryTransmit_TXE_BTF  stm32f1xx_hal_i2c.o
    0x080032ae   0x080032ae   0x00000002   PAD
    0x080032b0   0x080032b0   0x00000160   Code   RO          760    i.I2C_RequestMemoryRead  stm32f1xx_hal_i2c.o
    0x08003410   0x08003410   0x0000001a   Code   RO          762    i.I2C_SlaveReceive_BTF  stm32f1xx_hal_i2c.o
    0x0800342a   0x0800342a   0x00000046   Code   RO          763    i.I2C_SlaveReceive_RXNE  stm32f1xx_hal_i2c.o
    0x08003470   0x08003470   0x0000001a   Code   RO          764    i.I2C_SlaveTransmit_BTF  stm32f1xx_hal_i2c.o
    0x0800348a   0x0800348a   0x00000046   Code   RO          765    i.I2C_SlaveTransmit_TXE  stm32f1xx_hal_i2c.o
    0x080034d0   0x080034d0   0x00000070   Code   RO          766    i.I2C_Slave_ADDR    stm32f1xx_hal_i2c.o
    0x08003540   0x08003540   0x000000a8   Code   RO          767    i.I2C_Slave_AF      stm32f1xx_hal_i2c.o
    0x080035e8   0x080035e8   0x0000018c   Code   RO          768    i.I2C_Slave_STOPF   stm32f1xx_hal_i2c.o
    0x08003774   0x08003774   0x000000be   Code   RO          770    i.I2C_WaitOnFlagUntilTimeout  stm32f1xx_hal_i2c.o
    0x08003832   0x08003832   0x000000fa   Code   RO          771    i.I2C_WaitOnMasterAddressFlagUntilTimeout  stm32f1xx_hal_i2c.o
    0x0800392c   0x0800392c   0x0000008a   Code   RO          772    i.I2C_WaitOnRXNEFlagUntilTimeout  stm32f1xx_hal_i2c.o
    0x080039b6   0x080039b6   0x00000002   PAD
    0x080039b8   0x080039b8   0x00000050   Code   RO          774    i.I2C_WaitOnSTOPRequestThroughIT  stm32f1xx_hal_i2c.o
    0x08003a08   0x08003a08   0x00000066   Code   RO          775    i.I2C_WaitOnTXEFlagUntilTimeout  stm32f1xx_hal_i2c.o
    0x08003a6e   0x08003a6e   0x00000002   PAD
    0x08003a70   0x08003a70   0x00000014   Code   RO          597    i.Init_I2C_Slave    i2c_slave.o
    0x08003a84   0x08003a84   0x00000044   Code   RO           14    i.MX_DMA_Init       main.o
    0x08003ac8   0x08003ac8   0x00000090   Code   RO           15    i.MX_GPIO_Init      main.o
    0x08003b58   0x08003b58   0x00000048   Code   RO           16    i.MX_I2C1_Init      main.o
    0x08003ba0   0x08003ba0   0x0000003c   Code   RO           17    i.MX_I2C2_Init      main.o
    0x08003bdc   0x08003bdc   0x000000dc   Code   RO           18    i.MX_TIM1_Init      main.o
    0x08003cb8   0x08003cb8   0x00000038   Code   RO           19    i.MX_USART2_UART_Init  main.o
    0x08003cf0   0x08003cf0   0x00000004   Code   RO          224    i.MemManage_Handler  stm32f1xx_it.o
    0x08003cf4   0x08003cf4   0x00000030   Code   RO           20    i.Motor_Control     main.o
    0x08003d24   0x08003d24   0x00000004   Code   RO          225    i.NMI_Handler       stm32f1xx_it.o
    0x08003d28   0x08003d28   0x00000068   Code   RO          479    i.PID               pid.o
    0x08003d90   0x08003d90   0x0000019e   Code   RO          481    i.PID_Compute       pid.o
    0x08003f2e   0x08003f2e   0x00000002   PAD
    0x08003f30   0x08003f30   0x00000054   Code   RO           21    i.PID_Control       main.o
    0x08003f84   0x08003f84   0x00000050   Code   RO          487    i.PID_Init          pid.o
    0x08003fd4   0x08003fd4   0x0000004e   Code   RO          488    i.PID_SetControllerDirection  pid.o
    0x08004022   0x08004022   0x00000022   Code   RO          489    i.PID_SetMode       pid.o
    0x08004044   0x08004044   0x000000b0   Code   RO          490    i.PID_SetOutputLimits  pid.o
    0x080040f4   0x080040f4   0x00000058   Code   RO          491    i.PID_SetSampleTime  pid.o
    0x0800414c   0x0800414c   0x000000f4   Code   RO          493    i.PID_SetTunings2   pid.o
    0x08004240   0x08004240   0x00000090   Code   RO           22    i.PID_Setup         main.o
    0x080042d0   0x080042d0   0x00000002   Code   RO          226    i.PendSV_Handler    stm32f1xx_it.o
    0x080042d2   0x080042d2   0x00000002   PAD
    0x080042d4   0x080042d4   0x00000028   Code   RO         1359    i.RCC_Delay         stm32f1xx_hal_rcc.o
    0x080042fc   0x080042fc   0x0000000c   Code   RO          598    i.Return_Data       i2c_slave.o
    0x08004308   0x08004308   0x00000002   Code   RO          227    i.SVC_Handler       stm32f1xx_it.o
    0x0800430a   0x0800430a   0x00000008   Code   RO          228    i.SysTick_Handler   stm32f1xx_it.o
    0x08004312   0x08004312   0x00000050   Code   RO           23    i.SystemClock_Config  main.o
    0x08004362   0x08004362   0x00000002   Code   RO         3537    i.SystemInit        system_stm32f1xx.o
    0x08004364   0x08004364   0x00000010   Code   RO          229    i.TIM1_CC_IRQHandler  stm32f1xx_it.o
    0x08004374   0x08004374   0x00000010   Code   RO          230    i.TIM1_UP_IRQHandler  stm32f1xx_it.o
    0x08004384   0x08004384   0x00000074   Code   RO         2274    i.TIM_Base_SetConfig  stm32f1xx_hal_tim.o
    0x080043f8   0x080043f8   0x00000022   Code   RO         2275    i.TIM_CCxChannelCmd  stm32f1xx_hal_tim.o
    0x0800441a   0x0800441a   0x00000016   Code   RO         2285    i.TIM_ETR_SetConfig  stm32f1xx_hal_tim.o
    0x08004430   0x08004430   0x00000012   Code   RO         2286    i.TIM_ITRx_SetConfig  stm32f1xx_hal_tim.o
    0x08004442   0x08004442   0x00000002   PAD
    0x08004444   0x08004444   0x00000060   Code   RO         2287    i.TIM_OC1_SetConfig  stm32f1xx_hal_tim.o
    0x080044a4   0x080044a4   0x00000068   Code   RO         2288    i.TIM_OC2_SetConfig  stm32f1xx_hal_tim.o
    0x0800450c   0x0800450c   0x00000068   Code   RO         2289    i.TIM_OC3_SetConfig  stm32f1xx_hal_tim.o
    0x08004574   0x08004574   0x00000048   Code   RO         2290    i.TIM_OC4_SetConfig  stm32f1xx_hal_tim.o
    0x080045bc   0x080045bc   0x00000026   Code   RO         2292    i.TIM_TI1_ConfigInputStage  stm32f1xx_hal_tim.o
    0x080045e2   0x080045e2   0x00000028   Code   RO         2294    i.TIM_TI2_ConfigInputStage  stm32f1xx_hal_tim.o
    0x0800460a   0x0800460a   0x00000014   Code   RO         3206    i.UART_DMAAbortOnError  stm32f1xx_hal_uart.o
    0x0800461e   0x0800461e   0x0000006c   Code   RO         3216    i.UART_EndRxTransfer  stm32f1xx_hal_uart.o
    0x0800468a   0x0800468a   0x00000020   Code   RO         3217    i.UART_EndTransmit_IT  stm32f1xx_hal_uart.o
    0x080046aa   0x080046aa   0x000000fc   Code   RO         3219    i.UART_Receive_IT   stm32f1xx_hal_uart.o
    0x080047a6   0x080047a6   0x00000002   PAD
    0x080047a8   0x080047a8   0x000000fc   Code   RO         3220    i.UART_SetConfig    stm32f1xx_hal_uart.o
    0x080048a4   0x080048a4   0x00000060   Code   RO         3223    i.UART_Transmit_IT  stm32f1xx_hal_uart.o
    0x08004904   0x08004904   0x00000010   Code   RO          231    i.USART2_IRQHandler  stm32f1xx_it.o
    0x08004914   0x08004914   0x00000004   Code   RO          232    i.UsageFault_Handler  stm32f1xx_it.o
    0x08004918   0x08004918   0x00000010   Code   RO         1666    i.__NVIC_GetPriorityGrouping  stm32f1xx_hal_cortex.o
    0x08004928   0x08004928   0x00000028   Code   RO         1667    i.__NVIC_SetPriority  stm32f1xx_hal_cortex.o
    0x08004950   0x08004950   0x00000044   Code   RO           24    i.main              main.o
    0x08004994   0x08004994   0x00000150   Code   RO         3580    x$fpl$dadd          fz_ws.l(daddsub_clz.o)
    0x08004ae4   0x08004ae4   0x00000018   Code   RO         3619    x$fpl$dcmpinf       fz_ws.l(dcmpi.o)
    0x08004afc   0x08004afc   0x000002b0   Code   RO         3587    x$fpl$ddiv          fz_ws.l(ddiv.o)
    0x08004dac   0x08004dac   0x0000002e   Code   RO         3591    x$fpl$dflt          fz_ws.l(dflt_clz.o)
    0x08004dda   0x08004dda   0x00000026   Code   RO         3590    x$fpl$dfltu         fz_ws.l(dflt_clz.o)
    0x08004e00   0x08004e00   0x00000078   Code   RO         3596    x$fpl$dleqf         fz_ws.l(dleqf.o)
    0x08004e78   0x08004e78   0x00000154   Code   RO         3598    x$fpl$dmul          fz_ws.l(dmul.o)
    0x08004fcc   0x08004fcc   0x0000009c   Code   RO         3621    x$fpl$dnaninf       fz_ws.l(dnaninf.o)
    0x08005068   0x08005068   0x0000000c   Code   RO         3623    x$fpl$dretinf       fz_ws.l(dretinf.o)
    0x08005074   0x08005074   0x0000006c   Code   RO         3600    x$fpl$drleqf        fz_ws.l(drleqf.o)
    0x080050e0   0x080050e0   0x00000016   Code   RO         3581    x$fpl$drsb          fz_ws.l(daddsub_clz.o)
    0x080050f6   0x080050f6   0x00000002   PAD
    0x080050f8   0x080050f8   0x000001d4   Code   RO         3582    x$fpl$dsub          fz_ws.l(daddsub_clz.o)
    0x080052cc   0x080052cc   0x00000184   Code   RO         3603    x$fpl$fdiv          fz_ws.l(fdiv.o)
    0x08005450   0x08005450   0x00000036   Code   RO         3606    x$fpl$ffix          fz_ws.l(ffix.o)
    0x08005486   0x08005486   0x00000002   PAD
    0x08005488   0x08005488   0x00000030   Code   RO         3611    x$fpl$fflt          fz_ws.l(fflt_clz.o)
    0x080054b8   0x080054b8   0x00000102   Code   RO         3616    x$fpl$fmul          fz_ws.l(fmul.o)
    0x080055ba   0x080055ba   0x0000008c   Code   RO         3625    x$fpl$fnaninf       fz_ws.l(fnaninf.o)
    0x08005646   0x08005646   0x0000000a   Code   RO         3627    x$fpl$fretinf       fz_ws.l(fretinf.o)
    0x08005650   0x08005650   0x00000000   Code   RO         3629    x$fpl$usenofp       fz_ws.l(usenofp.o)
    0x08005650   0x08005650   0x00000012   Data   RO         1360    .constdata          stm32f1xx_hal_rcc.o
    0x08005662   0x08005662   0x00000018   Data   RO         3538    .constdata          system_stm32f1xx.o
    0x0800567a   0x0800567a   0x00000002   PAD
    0x0800567c   0x0800567c   0x00000020   Data   RO         3782    Region$$Table       anon$$obj.o


    Execution Region RW_IRAM1 (Exec base: 0x20000000, Load base: 0x0800569c, Size: 0x000008e0, Max: 0x00005000, ABSOLUTE)

    Exec Addr    Load Addr    Size         Type   Attr      Idx    E Section Name        Object

    0x20000000   0x0800569c   0x00000038   Data   RW           26    .data               main.o
    0x20000038   0x080056d4   0x00000006   Data   RW          599    .data               i2c_slave.o
    0x2000003e   0x080056da   0x00000002   PAD
    0x20000040   0x080056dc   0x00000009   Data   RW         1196    .data               stm32f1xx_hal.o
    0x20000049   0x080056e5   0x00000003   PAD
    0x2000004c   0x080056e8   0x00000004   Data   RW         3539    .data               system_stm32f1xx.o
    0x20000050        -       0x00000230   Zero   RW           25    .bss                main.o
    0x20000280        -       0x00000060   Zero   RW         3656    .bss                c_w.l(libspace.o)
    0x200002e0        -       0x00000200   Zero   RW            2    HEAP                startup_stm32f103xb.o
    0x200004e0        -       0x00000400   Zero   RW            1    STACK               startup_stm32f103xb.o


==============================================================================

Image component sizes


      Code (inc. data)   RO Data    RW Data    ZI Data      Debug   Object Name

       108         10          0          0          0       1063   as5600.o
       120         24          0          6          0       3967   i2c_slave.o
      1050        140          0         56        560     442406   main.o
      1218         10          0          0          0       6026   pid.o
        64         26        236          0       1536        820   startup_stm32f103xb.o
       152         32          0          9          0       5473   stm32f1xx_hal.o
       304         22          0          0          0      29479   stm32f1xx_hal_cortex.o
       786         12          0          0          0       4062   stm32f1xx_hal_dma.o
       812         34          0          0          0       2824   stm32f1xx_hal_gpio.o
      6982         76          0          0          0      30659   stm32f1xx_hal_i2c.o
       812         80          0          0          0       4042   stm32f1xx_hal_msp.o
      1748         98         18          0          0       6164   stm32f1xx_hal_rcc.o
      2006         46          0          0          0      15832   stm32f1xx_hal_tim.o
       252         14          0          0          0       3389   stm32f1xx_hal_tim_ex.o
      1626          8          0          0          0       9388   stm32f1xx_hal_uart.o
       178         54          0          0          0       8294   stm32f1xx_it.o
         2          0         24          4          0       1267   system_stm32f1xx.o

    ----------------------------------------------------------------------
     18244        686        312         80       2096     575155   Object Totals
         0          0         32          0          0          0   (incl. Generated)
        24          0          2          5          0          0   (incl. Padding)

    ----------------------------------------------------------------------

      Code (inc. data)   RO Data    RW Data    ZI Data      Debug   Library Member Name

         8          0          0          0          0         68   __main.o
         0          0          0          0          0          0   __rtentry.o
        12          0          0          0          0          0   __rtentry2.o
         6          0          0          0          0          0   __rtentry4.o
        52          8          0          0          0          0   __scatter.o
        26          0          0          0          0          0   __scatter_copy.o
        28          0          0          0          0          0   __scatter_zi.o
        18          0          0          0          0         80   exit.o
         6          0          0          0          0        152   heapauxi.o
         0          0          0          0          0          0   indicate_semi.o
         2          0          0          0          0          0   libinit.o
         2          0          0          0          0          0   libinit2.o
         2          0          0          0          0          0   libshutdown.o
         2          0          0          0          0          0   libshutdown2.o
         8          4          0          0         96         68   libspace.o
        78          0          0          0          0         80   rt_memclr_w.o
         2          0          0          0          0          0   rtexit.o
        10          0          0          0          0          0   rtexit2.o
        12          4          0          0          0         68   sys_exit.o
        74          0          0          0          0         80   sys_stackheap_outer.o
         2          0          0          0          0         68   use_no_semi.o
       826         16          0          0          0        348   daddsub_clz.o
        24          0          0          0          0         68   dcmpi.o
       688        140          0          0          0        208   ddiv.o
        84          0          0          0          0        136   dflt_clz.o
       120          4          0          0          0         92   dleqf.o
       340         12          0          0          0        104   dmul.o
       156          4          0          0          0         92   dnaninf.o
        12          0          0          0          0         68   dretinf.o
       108          0          0          0          0         80   drleqf.o
       388         76          0          0          0         96   fdiv.o
        54          4          0          0          0         84   ffix.o
        48          0          0          0          0         68   fflt_clz.o
       258          4          0          0          0         84   fmul.o
       140          4          0          0          0         84   fnaninf.o
        10          0          0          0          0         68   fretinf.o
         0          0          0          0          0          0   usenofp.o

    ----------------------------------------------------------------------
      3616        280          0          0         96       2344   Library Totals
        10          0          0          0          0          0   (incl. Padding)

    ----------------------------------------------------------------------

      Code (inc. data)   RO Data    RW Data    ZI Data      Debug   Library Name

       350         16          0          0         96        664   c_w.l
      3256        264          0          0          0       1680   fz_ws.l

    ----------------------------------------------------------------------
      3616        280          0          0         96       2344   Library Totals

    ----------------------------------------------------------------------

==============================================================================


      Code (inc. data)   RO Data    RW Data    ZI Data      Debug   

     21860        966        312         80       2192     568707   Grand Totals
     21860        966        312         80       2192     568707   ELF Image Totals
     21860        966        312         80          0          0   ROM Totals

==============================================================================

    Total RO  Size (Code + RO Data)                22172 (  21.65kB)
    Total RW  Size (RW Data + ZI Data)              2272 (   2.22kB)
    Total ROM Size (Code + RO Data + RW Data)      22252 (  21.73kB)

==============================================================================

