<html>
<body>
<pre>
<h1>µVision Build Log</h1>
<h2>Tool Versions:</h2>
IDE-Version: µVision V5.31.0.0
Copyright (C) 2020 ARM Ltd and ARM Germany GmbH. All rights reserved.
License Information: Trung Nguyen, xnxx, LIC=----
 
Tool Versions:
Toolchain:       MDK-Lite  Version: 5.31.0.0
Toolchain Path:  C:\Keil_v5\ARM\ARMCC\Bin
C Compiler:      Armcc.exe V5.06 update 6 (build 750)
Assembler:       Armasm.exe V5.06 update 6 (build 750)
Linker/Locator:  ArmLink.exe V5.06 update 6 (build 750)
Library Manager: ArmAr.exe V5.06 update 6 (build 750)
Hex Converter:   FromElf.exe V5.06 update 6 (build 750)
CPU DLL:         SARMCM3.DLL V5.31.0.0
Dialog DLL:      DCM.DLL V1.17.3.0
Target DLL:      STLink\ST-LINKIII-KEIL_SWO.dll V3.0.7.0
Dialog DLL:      TCM.DLL V1.46.0.0
 
<h2>Project:</h2>
C:\Users\84886\Desktop\Project STM32\SwerveDrive\SwerveDriver\MDK-ARM\SwerveDriver.uvprojx
Project File Date:  10/11/2023

<h2>Output:</h2>
*** Using Compiler 'V5.06 update 6 (build 750)', folder: 'C:\Keil_v5\ARM\ARMCC\Bin'
Build target 'SwerveDriver'
compiling i2c_slave.c...
../Core/Inc/i2c_slave.h(4): warning:  #1295-D: Deprecated declaration Init_I2C_Slave - give arg types
  void Init_I2C_Slave();
../Core/Inc/i2c_slave.h(5): warning:  #1295-D: Deprecated declaration Return_Data - give arg types
  uint16_t Return_Data();
../Core/Inc/i2c_slave.h(7): warning:  #1-D: last line of file ends without a newline
  #endif // I2C_SLAVE_H
..\Core\Src\i2c_slave.c: 3 warnings, 0 errors
compiling main.c...
../Core/Inc/as5600.h(59): warning:  #1-D: last line of file ends without a newline
  void AS5600_SetPWMFreq(uint8_t Freq);
../Core/Inc/i2c_slave.h(4): warning:  #1295-D: Deprecated declaration Init_I2C_Slave - give arg types
  void Init_I2C_Slave();
../Core/Inc/i2c_slave.h(5): warning:  #1295-D: Deprecated declaration Return_Data - give arg types
  uint16_t Return_Data();
../Core/Inc/i2c_slave.h(7): warning:  #1-D: last line of file ends without a newline
  #endif // I2C_SLAVE_H
../Core/Src/main.c(106): warning:  #188-D: enumerated type mixed with another type
    HAL_GPIO_WritePin(GPIOB, GPIO_PIN_12, Motor_Direction);
../Core/Src/main.c(115): warning:  #188-D: enumerated type mixed with another type
    HAL_GPIO_WritePin(DIR_GPIO_Port, DIR_Pin, motorSpeed < 0);
../Core/Src/main.c(116): warning:  #223-D: function "abs" declared implicitly
    Motor_Control(1, abs(motorSpeed));
../Core/Src/main.c: 7 warnings, 0 errors
linking...
Program Size: Code=21860 RO-data=312 RW-data=80 ZI-data=2192  
FromELF: creating hex file...
"SwerveDriver\SwerveDriver.axf" - 0 Error(s), 10 Warning(s).

<h2>Software Packages used:</h2>

Package Vendor: ARM
                http://www.keil.com/pack/ARM.CMSIS.5.7.0.pack
                ARM.CMSIS.5.7.0
                CMSIS (Cortex Microcontroller Software Interface Standard)
   * Component: CORE Version: 5.4.0

Package Vendor: Keil
                http://www.keil.com/pack/Keil.STM32F1xx_DFP.2.4.0.pack
                Keil.STM32F1xx_DFP.2.4.0
                STMicroelectronics STM32F1 Series Device Support, Drivers and Examples

<h2>Collection of Component include folders:</h2>
  .\RTE\_SwerveDriver
  C:\Users\84886\AppData\Local\Arm\Packs\ARM\CMSIS\5.7.0\CMSIS\Core\Include
  C:\Users\84886\AppData\Local\Arm\Packs\Keil\STM32F1xx_DFP\2.4.0\Device\Include

<h2>Collection of Component Files used:</h2>

   * Component: ARM::CMSIS:CORE:5.4.0
Build Time Elapsed:  00:00:01
</pre>
</body>
</html>
